Archive member included to satisfy reference by file (symbol)

/work/opensource/personal/microcontroller/arduino/ArduinoLibraries/ArduinoCore/Release/libArduinoCore.a(Wire.o)
                              /work/opensource/personal/microcontroller/arduino/ArduinoLibraries/ArduinoDevice/Release/EepromBasedWiredDevice/EepromBasedWiredDevice.o (_ZN7TwoWire9availableEv)
/work/opensource/personal/microcontroller/arduino/ArduinoLibraries/ArduinoCore/Release/libArduinoCore.a(HardwareSerial.o)
                              ./main.o (_ZN14HardwareSerial5writeEh)
/work/opensource/personal/microcontroller/arduino/ArduinoLibraries/ArduinoCore/Release/libArduinoCore.a(HardwareSerial0.o)
                              ./main.o (Serial)
/work/opensource/personal/microcontroller/arduino/ArduinoLibraries/ArduinoCore/Release/libArduinoCore.a(Print.o)
                              ./main.o (_ZN5Print5writeEPKhj)
/work/opensource/personal/microcontroller/arduino/ArduinoLibraries/ArduinoCore/Release/libArduinoCore.a(abi.o)
                              /work/opensource/personal/microcontroller/arduino/ArduinoLibraries/ArduinoCore/Release/libArduinoCore.a(Print.o) (__cxa_pure_virtual)
/work/opensource/personal/microcontroller/arduino/ArduinoLibraries/ArduinoCore/Release/libArduinoCore.a(new.o)
                              /work/opensource/personal/microcontroller/arduino/ArduinoLibraries/ArduinoDevice/Release/EepromBasedWiredDevice/EepromBasedWiredDevice.o (_ZdlPv)
/work/opensource/personal/microcontroller/arduino/ArduinoLibraries/ArduinoCore/Release/libArduinoCore.a(wiring.o)
                              ./main.o (millis)
/work/opensource/personal/microcontroller/arduino/ArduinoLibraries/ArduinoCore/Release/libArduinoCore.a(twi.o)
                              /work/opensource/personal/microcontroller/arduino/ArduinoLibraries/ArduinoCore/Release/libArduinoCore.a(Wire.o) (twi_init)
/work/opensource/personal/microcontroller/arduino/ArduinoLibraries/ArduinoCore/Release/libArduinoCore.a(hooks.o)
                              /work/opensource/personal/microcontroller/arduino/ArduinoLibraries/ArduinoCore/Release/libArduinoCore.a(wiring.o) (yield)
/work/opensource/personal/microcontroller/arduino/ArduinoLibraries/ArduinoCore/Release/libArduinoCore.a(wiring_digital.o)
                              /work/opensource/personal/microcontroller/arduino/ArduinoLibraries/ArduinoCore/Release/libArduinoCore.a(twi.o) (digitalWrite)
/work/opensource/personal/microcontroller/arduino/ArduinoLibraries/ArduinoGyroscope/Release/libArduinoGyroscope.a(GyroscopeMPU9250.o)
                              ./main.o (_ZTV16GyroscopeMPU9250)
/work/opensource/personal/microcontroller/arduino/ArduinoLibraries/ArduinoGyroscope/Release/libArduinoGyroscope.a(Gyroscope.o)
                              ./main.o (_ZN9GyroscopeD2Ev)
/work/opensource/personal/microcontroller/arduino/ArduinoLibraries/ArduinoDevice/Release/libArduinoDevice.a(WiredDevice.o)
                              /work/opensource/personal/microcontroller/arduino/ArduinoLibraries/ArduinoDevice/Release/EepromBasedWiredDevice/EepromBasedWiredDevice.o (_ZN11WiredDeviceC2Eh)
/work/opensource/personal/microcontroller/arduino/ArduinoLibraries/ArduinoDevice/Release/libArduinoDevice.a(RegisterBasedWiredDevice.o)
                              /work/opensource/personal/microcontroller/arduino/ArduinoLibraries/ArduinoGyroscope/Release/libArduinoGyroscope.a(GyroscopeMPU9250.o) (_ZN24RegisterBasedWiredDeviceC2Eh)
/usr/lib/gcc/avr/4.9.2/avr5/libgcc.a(_udivmodsi4.o)
                              /work/opensource/personal/microcontroller/arduino/ArduinoLibraries/ArduinoCore/Release/libArduinoCore.a(HardwareSerial.o) (__udivmodsi4)
/usr/lib/gcc/avr/4.9.2/avr5/libgcc.a(_exit.o)
                              /usr/lib/gcc/avr/4.9.2/../../../avr/lib/avr5/crtatmega328p.o (exit)
/usr/lib/gcc/avr/4.9.2/avr5/libgcc.a(_copy_data.o)
                              /work/opensource/personal/microcontroller/arduino/ArduinoLibraries/ArduinoDevice/Release/EepromBasedWiredDevice/EepromBasedWiredDevice.o (__do_copy_data)
/usr/lib/gcc/avr/4.9.2/avr5/libgcc.a(_clear_bss.o)
                              ./main.o (__do_clear_bss)
/usr/lib/gcc/avr/4.9.2/avr5/libgcc.a(_ctors.o)
                              ./main.o (__do_global_ctors)
/usr/lib/gcc/avr/4.9.2/avr5/libgcc.a(_dtors.o)
                              ./main.o (__do_global_dtors)
/usr/lib/gcc/avr/4.9.2/avr5/libgcc.a(_tablejump2.o)
                              /usr/lib/gcc/avr/4.9.2/avr5/libgcc.a(_ctors.o) (__tablejump2__)
/usr/lib/gcc/avr/4.9.2/../../../avr/lib/avr5/libm.a(addsf3.o)
                              /work/opensource/personal/microcontroller/arduino/ArduinoLibraries/ArduinoCore/Release/libArduinoCore.a(Print.o) (__subsf3)
/usr/lib/gcc/avr/4.9.2/../../../avr/lib/avr5/libm.a(addsf3x.o)
                              /usr/lib/gcc/avr/4.9.2/../../../avr/lib/avr5/libm.a(addsf3.o) (__addsf3x)
/usr/lib/gcc/avr/4.9.2/../../../avr/lib/avr5/libm.a(cmpsf2.o)
[...]
Memory Configuration

Name             Origin             Length             Attributes
text             0x0000000000000000 0x0000000000020000 xr
data             0x0000000000800060 0x000000000000ffa0 rw !x
eeprom           0x0000000000810000 0x0000000000010000 rw !x
fuse             0x0000000000820000 0x0000000000000400 rw !x
lock             0x0000000000830000 0x0000000000000400 rw !x
signature        0x0000000000840000 0x0000000000000400 rw !x
user_signatures  0x0000000000850000 0x0000000000000400 rw !x
*default*        0x0000000000000000 0xffffffffffffffff

Linker script and memory map

Address of section .data set to 0x800100
LOAD /usr/lib/gcc/avr/4.9.2/../../../avr/lib/avr5/crtatmega328p.o
LOAD ./main.o
LOAD /work/opensource/personal/microcontroller/arduino/ArduinoLibraries/ArduinoDevice/Release/EepromBasedWiredDevice/EepromBasedWiredDevice.o
LOAD /work/opensource/personal/microcontroller/arduino/ArduinoLibraries/ArduinoCore/Release/libArduinoCore.a
LOAD /work/opensource/personal/microcontroller/arduino/ArduinoLibraries/ArduinoAccelerometerDriver/Release/libArduinoAccelerometerSensor.a
LOAD /work/opensource/personal/microcontroller/arduino/ArduinoLibraries/ArduinoGyroscope/Release/libArduinoGyroscope.a
LOAD /work/opensource/personal/microcontroller/arduino/ArduinoLibraries/ArduinoDevice/Release/libArduinoDevice.a
LOAD /usr/lib/gcc/avr/4.9.2/avr5/libgcc.a
LOAD /usr/lib/gcc/avr/4.9.2/../../../avr/lib/avr5/libm.a
START GROUP
LOAD /usr/lib/gcc/avr/4.9.2/avr5/libgcc.a
LOAD /usr/lib/gcc/avr/4.9.2/../../../avr/lib/avr5/libm.a
LOAD /usr/lib/gcc/avr/4.9.2/../../../avr/lib/avr5/libc.a
LOAD /usr/lib/gcc/avr/4.9.2/../../../avr/lib/avr5/libatmega328p.a
END GROUP

.hash
 *(.hash)

.dynsym
 *(.dynsym)

.dynstr
 *(.dynstr)

.gnu.version
 *(.gnu.version)

.gnu.version_d
 *(.gnu.version_d)

.gnu.version_r
 *(.gnu.version_r)

.rel.init
 *(.rel.init)

.rela.init
 *(.rela.init)

.rel.text
 *(.rel.text)
 *(.rel.text.*)
 *(.rel.gnu.linkonce.t*)

.rela.text
 *(.rela.text)
 *(.rela.text.*)
 *(.rela.gnu.linkonce.t*)

.rel.fini
 *(.rel.fini)

.rela.fini
 *(.rela.fini)

.rel.rodata
 *(.rel.rodata)
 *(.rel.rodata.*)
 *(.rel.gnu.linkonce.r*)

.rela.rodata
 *(.rela.rodata)
 *(.rela.rodata.*)
 *(.rela.gnu.linkonce.r*)

.rel.data
 *(.rel.data)
 *(.rel.data.*)
 *(.rel.gnu.linkonce.d*)

.rela.data
 *(.rela.data)
 *(.rela.data.*)
 *(.rela.gnu.linkonce.d*)

.rel.ctors
 *(.rel.ctors)

.rela.ctors
 *(.rela.ctors)

.rel.dtors
 *(.rel.dtors)

.rela.dtors
 *(.rela.dtors)

.rel.got
 *(.rel.got)

.rela.got
 *(.rela.got)

.rel.bss
 *(.rel.bss)

.rela.bss
 *(.rela.bss)

.rel.plt
 *(.rel.plt)

.rela.plt
 *(.rela.plt)

.text           0x0000000000000000     0x153c
 *(.vectors)
 .vectors       0x0000000000000000       0x68 /usr/lib/gcc/avr/4.9.2/../../../avr/lib/avr5/crtatmega328p.o
                0x0000000000000000                __vectors
                0x0000000000000000                __vector_default
 *(.vectors)
 *(.progmem.gcc*)
                0x0000000000000068                . = ALIGN (0x2)
                0x0000000000000068                __trampolines_start = .
 *(.trampolines)
 .trampolines   0x0000000000000068        0x0 linker stubs
 *(.trampolines*)
                0x0000000000000068                __trampolines_end = .
 *(.progmem*)
 .progmem.data.digital_pin_to_timer_PGM
                0x0000000000000068       0x14 /work/opensource/personal/microcontroller/arduino/ArduinoLibraries/ArduinoCore/Release/libArduinoCore.a(wiring_digital.o)
                0x0000000000000068                digital_pin_to_timer_PGM
 .progmem.data.digital_pin_to_bit_mask_PGM
                0x000000000000007c       0x14 /work/opensource/personal/microcontroller/arduino/ArduinoLibraries/ArduinoCore/Release/libArduinoCore.a(wiring_digital.o)
                0x000000000000007c                digital_pin_to_bit_mask_PGM
 .progmem.data.digital_pin_to_port_PGM
                0x0000000000000090       0x14 /work/opensource/personal/microcontroller/arduino/ArduinoLibraries/ArduinoCore/Release/libArduinoCore.a(wiring_digital.o)
                0x0000000000000090                digital_pin_to_port_PGM
 .progmem.data.port_to_output_PGM
                0x00000000000000a4        0xa /work/opensource/personal/microcontroller/arduino/ArduinoLibraries/ArduinoCore/Release/libArduinoCore.a(wiring_digital.o)
                0x00000000000000a4                port_to_output_PGM
                0x00000000000000ae                . = ALIGN (0x2)
 *(.jumptables)
 *(.jumptables*)
 *(.lowtext)
 *(.lowtext*)
                0x00000000000000ae                __ctors_start = .
 *(.ctors)
 .ctors         0x00000000000000ae        0x2 ./main.o
 .ctors         0x00000000000000b0        0x2 /work/opensource/personal/microcontroller/arduino/ArduinoLibraries/ArduinoCore/Release/libArduinoCore.a(Wire.o)
 .ctors         0x00000000000000b2        0x2 /work/opensource/personal/microcontroller/arduino/ArduinoLibraries/ArduinoCore/Release/libArduinoCore.a(HardwareSerial0.o)
                0x00000000000000b4                __ctors_end = .
                0x00000000000000b4                __dtors_start = .
 *(.dtors)
 .dtors         0x00000000000000b4        0x2 ./main.o
                0x00000000000000b6                __dtors_end = .
 SORT(*)(.ctors)
 SORT(*)(.dtors)
 *(.init0)
 .init0         0x00000000000000b6        0x0 /usr/lib/gcc/avr/4.9.2/../../../avr/lib/avr5/crtatmega328p.o
                0x00000000000000b6                __init
 *(.init0)
 *(.init1)
 *(.init1)
 *(.init2)
 .init2         0x00000000000000b6        0xc /usr/lib/gcc/avr/4.9.2/../../../avr/lib/avr5/crtatmega328p.o
 *(.init2)
 *(.init3)
 *(.init3)
 *(.init4)
 .init4         0x00000000000000c2       0x16 /usr/lib/gcc/avr/4.9.2/avr5/libgcc.a(_copy_data.o)
                0x00000000000000c2                __do_copy_data
 .init4         0x00000000000000d8       0x10 /usr/lib/gcc/avr/4.9.2/avr5/libgcc.a(_clear_bss.o)
                0x00000000000000d8                __do_clear_bss
 *(.init4)
 *(.init5)
 *(.init5)
 *(.init6)
 .init6         0x00000000000000e8       0x14 /usr/lib/gcc/avr/4.9.2/avr5/libgcc.a(_ctors.o)
                0x00000000000000e8                __do_global_ctors
 *(.init6)
 *(.init7)
 *(.init7)
 *(.init8)
 *(.init8)
 *(.init9)
 .init9         0x00000000000000fc        0x6 /usr/lib/gcc/avr/4.9.2/../../../avr/lib/avr5/crtatmega328p.o
 *(.init9)
 *(.text)
 .text          0x0000000000000102        0x2 /usr/lib/gcc/avr/4.9.2/../../../avr/lib/avr5/crtatmega328p.o
                0x0000000000000102                __vector_22
                0x0000000000000102                __vector_1
                0x0000000000000102                __vector_12
                0x0000000000000102                __bad_interrupt
                0x0000000000000102                __vector_6
                0x0000000000000102                __vector_3
                0x0000000000000102                __vector_23
                0x0000000000000102                __vector_25
                0x0000000000000102                __vector_11
                0x0000000000000102                __vector_13
                0x0000000000000102                __vector_17
                0x0000000000000102                __vector_7
                0x0000000000000102                __vector_5
                0x0000000000000102                __vector_4
                0x0000000000000102                __vector_9
                0x0000000000000102                __vector_2
                0x0000000000000102                __vector_21
                0x0000000000000102                __vector_15
                0x0000000000000102                __vector_8
                0x0000000000000102                __vector_14
                0x0000000000000102                __vector_10
                0x0000000000000102                __vector_20
                0x0000000000000104                . = ALIGN (0x2)
 *(.text.*)
 .text.setup    0x0000000000000104       0x20 ./main.o
                0x0000000000000104                setup
 .text.startup._GLOBAL__sub_I_gyro
                0x0000000000000124        0x8 ./main.o
 .text.exit._GLOBAL__sub_D_gyro
                0x000000000000012c       0x12 ./main.o
 .text.loop     0x000000000000013e       0x50 ./main.o
                0x000000000000013e                loop
 .text.startup.main
                0x000000000000018e       0x12 ./main.o
                0x000000000000018e                main
 .text._ZN7TwoWire9availableEv
                0x00000000000001a0       0x10 /work/opensource/personal/microcontroller/arduino/ArduinoLibraries/ArduinoCore/Release/libArduinoCore.a(Wire.o)
                0x00000000000001a0                _ZN7TwoWire9availableEv
 .text._ZN7TwoWire4readEv
                0x00000000000001b0       0x28 /work/opensource/personal/microcontroller/arduino/ArduinoLibraries/ArduinoCore/Release/libArduinoCore.a(Wire.o)
                0x00000000000001b0                _ZN7TwoWire4readEv
 .text._ZN7TwoWire4peekEv
                0x00000000000001d8       0x1e /work/opensource/personal/microcontroller/arduino/ArduinoLibraries/ArduinoCore/Release/libArduinoCore.a(Wire.o)
                0x00000000000001d8                _ZN7TwoWire4peekEv
 .text._ZN7TwoWire5flushEv
                0x00000000000001f6        0x2 /work/opensource/personal/microcontroller/arduino/ArduinoLibraries/ArduinoCore/Release/libArduinoCore.a(Wire.o)
                0x00000000000001f6                _ZN7TwoWire5flushEv
 .text._ZN7TwoWire5writeEPKhj
                0x00000000000001f8       0x5e /work/opensource/personal/microcontroller/arduino/ArduinoLibraries/ArduinoCore/Release/libArduinoCore.a(Wire.o)
                0x00000000000001f8                _ZN7TwoWire5writeEPKhj
 .text._ZN7TwoWire5writeEh
                0x0000000000000256       0x5c /work/opensource/personal/microcontroller/arduino/ArduinoLibraries/ArduinoCore/Release/libArduinoCore.a(Wire.o)
                0x0000000000000256                _ZN7TwoWire5writeEh
 .text._ZN7TwoWireC2Ev
                0x00000000000002b2       0x20 /work/opensource/personal/microcontroller/arduino/ArduinoLibraries/ArduinoCore/Release/libArduinoCore.a(Wire.o)
                0x00000000000002b2                _ZN7TwoWireC2Ev
                0x00000000000002b2                _ZN7TwoWireC1Ev
 .text._ZN7TwoWire5beginEv
                0x00000000000002d2       0x12 /work/opensource/personal/microcontroller/arduino/ArduinoLibraries/ArduinoCore/Release/libArduinoCore.a(Wire.o)
                0x00000000000002d2                _ZN7TwoWire5beginEv
 .text._ZN7TwoWire17beginTransmissionEh
                0x00000000000002e4       0x14 /work/opensource/personal/microcontroller/arduino/ArduinoLibraries/ArduinoCore/Release/libArduinoCore.a(Wire.o)
                0x00000000000002e4                _ZN7TwoWire17beginTransmissionEh
 .text._ZN7TwoWire15endTransmissionEh
                0x00000000000002f8       0x24 /work/opensource/personal/microcontroller/arduino/ArduinoLibraries/ArduinoCore/Release/libArduinoCore.a(Wire.o)
                0x00000000000002f8                _ZN7TwoWire15endTransmissionEh
 .text._ZN7TwoWire11requestFromEhhmhh
                0x000000000000031c       0xa2 /work/opensource/personal/microcontroller/arduino/ArduinoLibraries/ArduinoCore/Release/libArduinoCore.a(Wire.o)
                0x000000000000031c                _ZN7TwoWire11requestFromEhhmhh
 .text._ZN7TwoWire11requestFromEhhh
                0x00000000000003be       0x1e /work/opensource/personal/microcontroller/arduino/ArduinoLibraries/ArduinoCore/Release/libArduinoCore.a(Wire.o)
                0x00000000000003be                _ZN7TwoWire11requestFromEhhh
 .text._ZN7TwoWire11requestFromEhh
                0x00000000000003dc        0x4 /work/opensource/personal/microcontroller/arduino/ArduinoLibraries/ArduinoCore/Release/libArduinoCore.a(Wire.o)
                0x00000000000003dc                _ZN7TwoWire11requestFromEhh
 .text._ZN7TwoWire15endTransmissionEv
                0x00000000000003e0        0x4 /work/opensource/personal/microcontroller/arduino/ArduinoLibraries/ArduinoCore/Release/libArduinoCore.a(Wire.o)
                0x00000000000003e0                _ZN7TwoWire15endTransmissionEv
 .text.startup._GLOBAL__sub_I__ZN7TwoWire8rxBufferE
                0x00000000000003e4        0x6 /work/opensource/personal/microcontroller/arduino/ArduinoLibraries/ArduinoCore/Release/libArduinoCore.a(Wire.o)
 .text._ZN14HardwareSerial9availableEv
                0x00000000000003ea       0x18 /work/opensource/personal/microcontroller/arduino/ArduinoLibraries/ArduinoCore/Release/libArduinoCore.a(HardwareSerial.o)
                0x00000000000003ea                _ZN14HardwareSerial9availableEv
 .text._ZN14HardwareSerial4peekEv
                0x0000000000000402       0x1c /work/opensource/personal/microcontroller/arduino/ArduinoLibraries/ArduinoCore/Release/libArduinoCore.a(HardwareSerial.o)
                0x0000000000000402                _ZN14HardwareSerial4peekEv
 .text._ZN14HardwareSerial4readEv
                0x000000000000041e       0x28 /work/opensource/personal/microcontroller/arduino/ArduinoLibraries/ArduinoCore/Release/libArduinoCore.a(HardwareSerial.o)
                0x000000000000041e                _ZN14HardwareSerial4readEv
 .text._Z14serialEventRunv
                0x0000000000000446       0x1a /work/opensource/personal/microcontroller/arduino/ArduinoLibraries/ArduinoCore/Release/libArduinoCore.a(HardwareSerial.o)
                0x0000000000000446                _Z14serialEventRunv
 .text._ZN14HardwareSerial17_tx_udr_empty_irqEv
                0x0000000000000460       0x42 /work/opensource/personal/microcontroller/arduino/ArduinoLibraries/ArduinoCore/Release/libArduinoCore.a(HardwareSerial.o)
                0x0000000000000460                _ZN14HardwareSerial17_tx_udr_empty_irqEv
 .text._ZN14HardwareSerial5flushEv
                0x00000000000004a2       0x42 /work/opensource/personal/microcontroller/arduino/ArduinoLibraries/ArduinoCore/Release/libArduinoCore.a(HardwareSerial.o)
                0x00000000000004a2                _ZN14HardwareSerial5flushEv
 .text._ZN14HardwareSerial5writeEh
                0x00000000000004e4       0x8c /work/opensource/personal/microcontroller/arduino/ArduinoLibraries/ArduinoCore/Release/libArduinoCore.a(HardwareSerial.o)
                0x00000000000004e4                _ZN14HardwareSerial5writeEh
 .text._ZN14HardwareSerial5beginEmh
                0x0000000000000570       0xc6 /work/opensource/personal/microcontroller/arduino/ArduinoLibraries/ArduinoCore/Release/libArduinoCore.a(HardwareSerial.o)
                0x0000000000000570                _ZN14HardwareSerial5beginEmh
 .text.__vector_18
                0x0000000000000636       0x64 /work/opensource/personal/microcontroller/arduino/ArduinoLibraries/ArduinoCore/Release/libArduinoCore.a(HardwareSerial0.o)
                0x0000000000000636                __vector_18
 .text.__vector_19
                0x000000000000069a       0x4a /work/opensource/personal/microcontroller/arduino/ArduinoLibraries/ArduinoCore/Release/libArduinoCore.a(HardwareSerial0.o)
                0x000000000000069a                __vector_19
 .text._Z17Serial0_availablev
                0x00000000000006e4       0x12 /work/opensource/personal/microcontroller/arduino/ArduinoLibraries/ArduinoCore/Release/libArduinoCore.a(HardwareSerial0.o)
                0x00000000000006e4                _Z17Serial0_availablev
 .text.startup._GLOBAL__sub_I___vector_18
                0x00000000000006f6       0x5a /work/opensource/personal/microcontroller/arduino/ArduinoLibraries/ArduinoCore/Release/libArduinoCore.a(HardwareSerial0.o)
 .text._ZN5Print5writeEPKhj
                0x0000000000000750       0x56 /work/opensource/personal/microcontroller/arduino/ArduinoLibraries/ArduinoCore/Release/libArduinoCore.a(Print.o)
                0x0000000000000750                _ZN5Print5writeEPKhj
 .text.__cxa_pure_virtual
                0x00000000000007a6        0x2 /work/opensource/personal/microcontroller/arduino/ArduinoLibraries/ArduinoCore/Release/libArduinoCore.a(abi.o)
                0x00000000000007a6                __cxa_pure_virtual
 .text._ZdlPv   0x00000000000007a8        0x2 /work/opensource/personal/microcontroller/arduino/ArduinoLibraries/ArduinoCore/Release/libArduinoCore.a(new.o)
                0x00000000000007a8                _ZdlPv
 .text.__vector_16
                0x00000000000007aa       0x94 /work/opensource/personal/microcontroller/arduino/ArduinoLibraries/ArduinoCore/Release/libArduinoCore.a(wiring.o)
                0x00000000000007aa                __vector_16
 .text.millis   0x000000000000083e       0x18 /work/opensource/personal/microcontroller/arduino/ArduinoLibraries/ArduinoCore/Release/libArduinoCore.a(wiring.o)
                0x000000000000083e                millis
 .text.delayMicroseconds
                0x0000000000000856       0x16 /work/opensource/personal/microcontroller/arduino/ArduinoLibraries/ArduinoCore/Release/libArduinoCore.a(wiring.o)
                0x0000000000000856                delayMicroseconds
 .text.init     0x000000000000086c       0x76 /work/opensource/personal/microcontroller/arduino/ArduinoLibraries/ArduinoCore/Release/libArduinoCore.a(wiring.o)
                0x000000000000086c                init
 .text.twi_init
                0x00000000000008e2       0x38 /work/opensource/personal/microcontroller/arduino/ArduinoLibraries/ArduinoCore/Release/libArduinoCore.a(twi.o)
                0x00000000000008e2                twi_init
 .text.twi_readFrom
                0x000000000000091a       0x90 /work/opensource/personal/microcontroller/arduino/ArduinoLibraries/ArduinoCore/Release/libArduinoCore.a(twi.o)
                0x000000000000091a                twi_readFrom
 .text.twi_writeTo
                0x00000000000009aa       0xac /work/opensource/personal/microcontroller/arduino/ArduinoLibraries/ArduinoCore/Release/libArduinoCore.a(twi.o)
                0x00000000000009aa                twi_writeTo
 .text.twi_transmit
                0x0000000000000a56       0x32 /work/opensource/personal/microcontroller/arduino/ArduinoLibraries/ArduinoCore/Release/libArduinoCore.a(twi.o)
                0x0000000000000a56                twi_transmit
 .text.twi_stop
                0x0000000000000a88       0x14 /work/opensource/personal/microcontroller/arduino/ArduinoLibraries/ArduinoCore/Release/libArduinoCore.a(twi.o)
                0x0000000000000a88                twi_stop
 .text.twi_releaseBus
                0x0000000000000a9c        0xc /work/opensource/personal/microcontroller/arduino/ArduinoLibraries/ArduinoCore/Release/libArduinoCore.a(twi.o)
                0x0000000000000a9c                twi_releaseBus
 .text.__vector_24
                0x0000000000000aa8      0x254 /work/opensource/personal/microcontroller/arduino/ArduinoLibraries/ArduinoCore/Release/libArduinoCore.a(twi.o)
                0x0000000000000aa8                __vector_24
 .text.turnOffPWM
                0x0000000000000cfc       0x52 /work/opensource/personal/microcontroller/arduino/ArduinoLibraries/ArduinoCore/Release/libArduinoCore.a(wiring_digital.o)
 .text.digitalWrite
                0x0000000000000d4e       0x5e /work/opensource/personal/microcontroller/arduino/ArduinoLibraries/ArduinoCore/Release/libArduinoCore.a(wiring_digital.o)
                0x0000000000000d4e                digitalWrite
 .text._ZN16GyroscopeMPU9250D2Ev
                0x0000000000000dac        0xc /work/opensource/personal/microcontroller/arduino/ArduinoLibraries/ArduinoGyroscope/Release/libArduinoGyroscope.a(GyroscopeMPU9250.o)
                0x0000000000000dac                _ZN16GyroscopeMPU9250D1Ev
                0x0000000000000dac                _ZN16GyroscopeMPU9250D2Ev
 .text._ZN16GyroscopeMPU9250D0Ev
                0x0000000000000db8       0x10 /work/opensource/personal/microcontroller/arduino/ArduinoLibraries/ArduinoGyroscope/Release/libArduinoGyroscope.a(GyroscopeMPU9250.o)
                0x0000000000000db8                _ZN16GyroscopeMPU9250D0Ev
 .text._ZN16GyroscopeMPU9250C2Eb
                0x0000000000000dc8       0x26 /work/opensource/personal/microcontroller/arduino/ArduinoLibraries/ArduinoGyroscope/Release/libArduinoGyroscope.a(GyroscopeMPU9250.o)
                0x0000000000000dc8                _ZN16GyroscopeMPU9250C1Eb
                0x0000000000000dc8                _ZN16GyroscopeMPU9250C2Eb
 .text._ZN16GyroscopeMPU92507readXYZEPh
                0x0000000000000dee        0xa /work/opensource/personal/microcontroller/arduino/ArduinoLibraries/ArduinoGyroscope/Release/libArduinoGyroscope.a(GyroscopeMPU9250.o)
                0x0000000000000dee                _ZN16GyroscopeMPU92507readXYZEPh
 .text._ZN16GyroscopeMPU925017setFullScaleRangeENS_14FullScaleRangeE
                0x0000000000000df8       0x28 /work/opensource/personal/microcontroller/arduino/ArduinoLibraries/ArduinoGyroscope/Release/libArduinoGyroscope.a(GyroscopeMPU9250.o)
                0x0000000000000df8                _ZN16GyroscopeMPU925017setFullScaleRangeENS_14FullScaleRangeE
 .text._ZN16GyroscopeMPU925010enableAxisENS_4AxisE
                0x0000000000000e20        0xc /work/opensource/personal/microcontroller/arduino/ArduinoLibraries/ArduinoGyroscope/Release/libArduinoGyroscope.a(GyroscopeMPU9250.o)
                0x0000000000000e20                _ZN16GyroscopeMPU925010enableAxisENS_4AxisE
 .text._ZN16GyroscopeMPU925025convertToDegreePerSecondsEPh
                0x0000000000000e2c       0x84 /work/opensource/personal/microcontroller/arduino/ArduinoLibraries/ArduinoGyroscope/Release/libArduinoGyroscope.a(GyroscopeMPU9250.o)
                0x0000000000000e2c                _ZN16GyroscopeMPU925025convertToDegreePerSecondsEPh
 .text._ZN16GyroscopeMPU925016readAxisRotationEh
                0x0000000000000eb0       0x40 /work/opensource/personal/microcontroller/arduino/ArduinoLibraries/ArduinoGyroscope/Release/libArduinoGyroscope.a(GyroscopeMPU9250.o)
                0x0000000000000eb0                _ZN16GyroscopeMPU925016readAxisRotationEh
 .text._ZN16GyroscopeMPU925012getRotationXEv
                0x0000000000000ef0        0x4 /work/opensource/personal/microcontroller/arduino/ArduinoLibraries/ArduinoGyroscope/Release/libArduinoGyroscope.a(GyroscopeMPU9250.o)
                0x0000000000000ef0                _ZN16GyroscopeMPU925012getRotationXEv
 .text._ZN16GyroscopeMPU925012getRotationYEv
                0x0000000000000ef4        0x4 /work/opensource/personal/microcontroller/arduino/ArduinoLibraries/ArduinoGyroscope/Release/libArduinoGyroscope.a(GyroscopeMPU9250.o)
                0x0000000000000ef4                _ZN16GyroscopeMPU925012getRotationYEv
 .text._ZN16GyroscopeMPU925012getRotationZEv
                0x0000000000000ef8        0x4 /work/opensource/personal/microcontroller/arduino/ArduinoLibraries/ArduinoGyroscope/Release/libArduinoGyroscope.a(GyroscopeMPU9250.o)
                0x0000000000000ef8                _ZN16GyroscopeMPU925012getRotationZEv
 .text._ZN9GyroscopeD2Ev
                0x0000000000000efc        0x2 /work/opensource/personal/microcontroller/arduino/ArduinoLibraries/ArduinoGyroscope/Release/libArduinoGyroscope.a(Gyroscope.o)
                0x0000000000000efc                _ZN9GyroscopeD1Ev
                0x0000000000000efc                _ZN9GyroscopeD2Ev
 .text._ZN11WiredDeviceC2Eh
                0x0000000000000efe        0xa /work/opensource/personal/microcontroller/arduino/ArduinoLibraries/ArduinoDevice/Release/libArduinoDevice.a(WiredDevice.o)
                0x0000000000000efe                _ZN11WiredDeviceC2Eh
                0x0000000000000efe                _ZN11WiredDeviceC1Eh
 .text._ZN11WiredDevice16getDeviceAddressEv
                0x0000000000000f08        0x6 /work/opensource/personal/microcontroller/arduino/ArduinoLibraries/ArduinoDevice/Release/libArduinoDevice.a(WiredDevice.o)
                0x0000000000000f08                _ZN11WiredDevice16getDeviceAddressEv
 .text._ZN24RegisterBasedWiredDeviceC2Eh
                0x0000000000000f0e        0x2 /work/opensource/personal/microcontroller/arduino/ArduinoLibraries/ArduinoDevice/Release/libArduinoDevice.a(RegisterBasedWiredDevice.o)
                0x0000000000000f0e                _ZN24RegisterBasedWiredDeviceC2Eh
                0x0000000000000f0e                _ZN24RegisterBasedWiredDeviceC1Eh
 .text._ZN24RegisterBasedWiredDevice18writeRegisterBlockEhPhh
                0x0000000000000f10       0x48 /work/opensource/personal/microcontroller/arduino/ArduinoLibraries/ArduinoDevice/Release/libArduinoDevice.a(RegisterBasedWiredDevice.o)
                0x0000000000000f10                _ZN24RegisterBasedWiredDevice18writeRegisterBlockEhPhh
 .text._ZN24RegisterBasedWiredDevice13writeRegisterEhh
                0x0000000000000f58       0x1e /work/opensource/personal/microcontroller/arduino/ArduinoLibraries/ArduinoDevice/Release/libArduinoDevice.a(RegisterBasedWiredDevice.o)
                0x0000000000000f58                _ZN24RegisterBasedWiredDevice13writeRegisterEhh
 .text._ZN24RegisterBasedWiredDevice17readRegisterBlockEhPhh
                0x0000000000000f76       0xb0 /work/opensource/personal/microcontroller/arduino/ArduinoLibraries/ArduinoDevice/Release/libArduinoDevice.a(RegisterBasedWiredDevice.o)
                0x0000000000000f76                _ZN24RegisterBasedWiredDevice17readRegisterBlockEhPhh
 .text._ZN24RegisterBasedWiredDevice12readRegisterEh
                0x0000000000001026       0x24 /work/opensource/personal/microcontroller/arduino/ArduinoLibraries/ArduinoDevice/Release/libArduinoDevice.a(RegisterBasedWiredDevice.o)
                0x0000000000001026                _ZN24RegisterBasedWiredDevice12readRegisterEh
 .text._ZN24RegisterBasedWiredDevice21configureRegisterBitsEhhh
                0x000000000000104a       0x3c /work/opensource/personal/microcontroller/arduino/ArduinoLibraries/ArduinoDevice/Release/libArduinoDevice.a(RegisterBasedWiredDevice.o)
                0x000000000000104a                _ZN24RegisterBasedWiredDevice21configureRegisterBitsEhhh
 .text.libgcc.div
                0x0000000000001086       0x44 /usr/lib/gcc/avr/4.9.2/avr5/libgcc.a(_udivmodsi4.o)
                0x0000000000001086                __udivmodsi4
 .text.libgcc   0x00000000000010ca        0xc /usr/lib/gcc/avr/4.9.2/avr5/libgcc.a(_tablejump2.o)
                0x00000000000010ca                __tablejump2__
 .text.avr-libc.fplib
                0x00000000000010d6        0x4 /usr/lib/gcc/avr/4.9.2/../../../avr/lib/avr5/libm.a(divsf3.o)
                0x00000000000010d6                __divsf3
 .text.avr-libc.fplib
                0x00000000000010da       0xcc /usr/lib/gcc/avr/4.9.2/../../../avr/lib/avr5/libm.a(divsf3x.o)
                0x00000000000010f0                __divsf3x
                0x00000000000010f4                __divsf3_pse
 .text.avr-libc.fplib
                0x00000000000011a6       0x7a /usr/lib/gcc/avr/4.9.2/../../../avr/lib/avr5/libm.a(floatsisf.o)
                0x00000000000011a6                __floatunsisf
                0x00000000000011aa                __floatsisf
 .text.avr-libc.fplib
                0x0000000000001220        0xc /usr/lib/gcc/avr/4.9.2/../../../avr/lib/avr5/libm.a(fp_inf.o)
                0x0000000000001220                __fp_inf
 .text.avr-libc.fplib
                0x000000000000122c        0x6 /usr/lib/gcc/avr/4.9.2/../../../avr/lib/avr5/libm.a(fp_nan.o)
                0x000000000000122c                __fp_nan
 .text.avr-libc.fplib
                0x0000000000001232        0xe /usr/lib/gcc/avr/4.9.2/../../../avr/lib/avr5/libm.a(fp_pscA.o)
                0x0000000000001232                __fp_pscA
 .text.avr-libc.fplib
                0x0000000000001240        0xe /usr/lib/gcc/avr/4.9.2/../../../avr/lib/avr5/libm.a(fp_pscB.o)
                0x0000000000001240                __fp_pscB
 .text.avr-libc.fplib
                0x000000000000124e       0x22 /usr/lib/gcc/avr/4.9.2/../../../avr/lib/avr5/libm.a(fp_round.o)
                0x000000000000124e                __fp_round
 .text.avr-libc.fplib
                0x0000000000001270       0x44 /usr/lib/gcc/avr/4.9.2/../../../avr/lib/avr5/libm.a(fp_split3.o)
                0x0000000000001270                __fp_split3
                0x0000000000001280                __fp_splitA
 .text.avr-libc.fplib
                0x00000000000012b4        0xe /usr/lib/gcc/avr/4.9.2/../../../avr/lib/avr5/libm.a(fp_zero.o)
                0x00000000000012b4                __fp_zero
                0x00000000000012b6                __fp_szero
 .text.avr-libc
                0x00000000000012c2      0x25a /usr/lib/gcc/avr/4.9.2/../../../avr/lib/avr5/libc.a(malloc.o)
                0x00000000000012c2                malloc
                0x00000000000013ec                free
 .text.avr-libc
                0x000000000000151c        0x8 /usr/lib/gcc/avr/4.9.2/../../../avr/lib/avr5/libc.a(abort.o)
                0x000000000000151c                abort
                0x0000000000001524                . = ALIGN (0x2)
 *(.fini9)
 .fini9         0x0000000000001524        0x0 /usr/lib/gcc/avr/4.9.2/avr5/libgcc.a(_exit.o)
                0x0000000000001524                exit
                0x0000000000001524                _exit
 *(.fini9)
 *(.fini8)
 *(.fini8)
 *(.fini7)
 *(.fini7)
 *(.fini6)
 .fini6         0x0000000000001524       0x14 /usr/lib/gcc/avr/4.9.2/avr5/libgcc.a(_dtors.o)
                0x0000000000001524                __do_global_dtors
 *(.fini6)
 *(.fini5)
 *(.fini5)
 *(.fini4)
 *(.fini4)
 *(.fini3)
 *(.fini3)
 *(.fini2)
 *(.fini2)
 *(.fini1)
 *(.fini1)
 *(.fini0)
 .fini0         0x0000000000001538        0x4 /usr/lib/gcc/avr/4.9.2/avr5/libgcc.a(_exit.o)
 *(.fini0)
                0x000000000000153c                _etext = .

.data           0x0000000000800100       0x52 load address 0x000000000000153c
                0x0000000000800100                PROVIDE (__data_start, .)
 *(.data)
 .data          0x0000000000800100        0x6 /usr/lib/gcc/avr/4.9.2/../../../avr/lib/avr5/libc.a(malloc.o)
                0x0000000000800100                __malloc_heap_end
                0x0000000000800102                __malloc_heap_start
                0x0000000000800104                __malloc_margin
 *(.data*)
 *(.rodata)
 .rodata        0x0000000000800106       0x10 /work/opensource/personal/microcontroller/arduino/ArduinoLibraries/ArduinoGyroscope/Release/libArduinoGyroscope.a(GyroscopeMPU9250.o)
 *(.rodata*)
 .rodata._ZTV7TwoWire
                0x0000000000800116       0x10 /work/opensource/personal/microcontroller/arduino/ArduinoLibraries/ArduinoCore/Release/libArduinoCore.a(Wire.o)
                0x0000000000800116                _ZTV7TwoWire
 .rodata._ZTV14HardwareSerial
                0x0000000000800126       0x10 /work/opensource/personal/microcontroller/arduino/ArduinoLibraries/ArduinoCore/Release/libArduinoCore.a(HardwareSerial.o)
                0x0000000000800126                _ZTV14HardwareSerial
 .rodata._ZTV16GyroscopeMPU9250
                0x0000000000800136        0xe /work/opensource/personal/microcontroller/arduino/ArduinoLibraries/ArduinoGyroscope/Release/libArduinoGyroscope.a(GyroscopeMPU9250.o)
                0x0000000000800136                _ZTV16GyroscopeMPU9250
 .rodata._ZTV9Gyroscope
                0x0000000000800144        0xe /work/opensource/personal/microcontroller/arduino/ArduinoLibraries/ArduinoGyroscope/Release/libArduinoGyroscope.a(Gyroscope.o)
                0x0000000000800144                _ZTV9Gyroscope
 *(.gnu.linkonce.d*)
                0x0000000000800152                . = ALIGN (0x2)
                0x0000000000800152                _edata = .
                0x0000000000800152                PROVIDE (__data_end, .)

.bss            0x0000000000800152      0x178
                0x0000000000800152                PROVIDE (__bss_start, .)
 *(.bss)
 *(.bss*)
 .bss.now       0x0000000000800152        0x4 ./main.o
                0x0000000000800152                now
 .bss.buf       0x0000000000800156        0x6 ./main.o
                0x0000000000800156                buf
 .bss.gyro      0x000000000080015c        0x4 ./main.o
                0x000000000080015c                gyro
 .bss.Wire      0x0000000000800160        0xc /work/opensource/personal/microcontroller/arduino/ArduinoLibraries/ArduinoCore/Release/libArduinoCore.a(Wire.o)
                0x0000000000800160                Wire
 .bss._ZN7TwoWire12transmittingE
                0x000000000080016c        0x1 /work/opensource/personal/microcontroller/arduino/ArduinoLibraries/ArduinoCore/Release/libArduinoCore.a(Wire.o)
                0x000000000080016c                _ZN7TwoWire12transmittingE
 .bss._ZN7TwoWire14txBufferLengthE
                0x000000000080016d        0x1 /work/opensource/personal/microcontroller/arduino/ArduinoLibraries/ArduinoCore/Release/libArduinoCore.a(Wire.o)
                0x000000000080016d                _ZN7TwoWire14txBufferLengthE
 .bss._ZN7TwoWire13txBufferIndexE
                0x000000000080016e        0x1 /work/opensource/personal/microcontroller/arduino/ArduinoLibraries/ArduinoCore/Release/libArduinoCore.a(Wire.o)
                0x000000000080016e                _ZN7TwoWire13txBufferIndexE
 .bss._ZN7TwoWire8txBufferE
                0x000000000080016f       0x20 /work/opensource/personal/microcontroller/arduino/ArduinoLibraries/ArduinoCore/Release/libArduinoCore.a(Wire.o)
                0x000000000080016f                _ZN7TwoWire8txBufferE
 .bss._ZN7TwoWire9txAddressE
                0x000000000080018f        0x1 /work/opensource/personal/microcontroller/arduino/ArduinoLibraries/ArduinoCore/Release/libArduinoCore.a(Wire.o)
                0x000000000080018f                _ZN7TwoWire9txAddressE
 .bss._ZN7TwoWire14rxBufferLengthE
                0x0000000000800190        0x1 /work/opensource/personal/microcontroller/arduino/ArduinoLibraries/ArduinoCore/Release/libArduinoCore.a(Wire.o)
                0x0000000000800190                _ZN7TwoWire14rxBufferLengthE
 .bss._ZN7TwoWire13rxBufferIndexE
                0x0000000000800191        0x1 /work/opensource/personal/microcontroller/arduino/ArduinoLibraries/ArduinoCore/Release/libArduinoCore.a(Wire.o)
                0x0000000000800191                _ZN7TwoWire13rxBufferIndexE
 .bss._ZN7TwoWire8rxBufferE
                0x0000000000800192       0x20 /work/opensource/personal/microcontroller/arduino/ArduinoLibraries/ArduinoCore/Release/libArduinoCore.a(Wire.o)
                0x0000000000800192                _ZN7TwoWire8rxBufferE
 .bss.Serial    0x00000000008001b2       0x9d /work/opensource/personal/microcontroller/arduino/ArduinoLibraries/ArduinoCore/Release/libArduinoCore.a(HardwareSerial0.o)
                0x00000000008001b2                Serial
 .bss.timer0_fract
                0x000000000080024f        0x1 /work/opensource/personal/microcontroller/arduino/ArduinoLibraries/ArduinoCore/Release/libArduinoCore.a(wiring.o)
 .bss.timer0_millis
                0x0000000000800250        0x4 /work/opensource/personal/microcontroller/arduino/ArduinoLibraries/ArduinoCore/Release/libArduinoCore.a(wiring.o)
                0x0000000000800250                timer0_millis
 .bss.timer0_overflow_count
                0x0000000000800254        0x4 /work/opensource/personal/microcontroller/arduino/ArduinoLibraries/ArduinoCore/Release/libArduinoCore.a(wiring.o)
                0x0000000000800254                timer0_overflow_count
 .bss.twi_error
                0x0000000000800258        0x1 /work/opensource/personal/microcontroller/arduino/ArduinoLibraries/ArduinoCore/Release/libArduinoCore.a(twi.o)
 .bss.twi_rxBufferIndex
                0x0000000000800259        0x1 /work/opensource/personal/microcontroller/arduino/ArduinoLibraries/ArduinoCore/Release/libArduinoCore.a(twi.o)
 .bss.twi_rxBuffer
                0x000000000080025a       0x20 /work/opensource/personal/microcontroller/arduino/ArduinoLibraries/ArduinoCore/Release/libArduinoCore.a(twi.o)
 .bss.twi_txBufferLength
                0x000000000080027a        0x1 /work/opensource/personal/microcontroller/arduino/ArduinoLibraries/ArduinoCore/Release/libArduinoCore.a(twi.o)
 .bss.twi_txBufferIndex
                0x000000000080027b        0x1 /work/opensource/personal/microcontroller/arduino/ArduinoLibraries/ArduinoCore/Release/libArduinoCore.a(twi.o)
 .bss.twi_txBuffer
                0x000000000080027c       0x20 /work/opensource/personal/microcontroller/arduino/ArduinoLibraries/ArduinoCore/Release/libArduinoCore.a(twi.o)
 .bss.twi_masterBufferLength
                0x000000000080029c        0x1 /work/opensource/personal/microcontroller/arduino/ArduinoLibraries/ArduinoCore/Release/libArduinoCore.a(twi.o)
 .bss.twi_masterBufferIndex
                0x000000000080029d        0x1 /work/opensource/personal/microcontroller/arduino/ArduinoLibraries/ArduinoCore/Release/libArduinoCore.a(twi.o)
 .bss.twi_masterBuffer
                0x000000000080029e       0x20 /work/opensource/personal/microcontroller/arduino/ArduinoLibraries/ArduinoCore/Release/libArduinoCore.a(twi.o)
 .bss.twi_onSlaveReceive
                0x00000000008002be        0x2 /work/opensource/personal/microcontroller/arduino/ArduinoLibraries/ArduinoCore/Release/libArduinoCore.a(twi.o)
 .bss.twi_onSlaveTransmit
                0x00000000008002c0        0x2 /work/opensource/personal/microcontroller/arduino/ArduinoLibraries/ArduinoCore/Release/libArduinoCore.a(twi.o)
 .bss.twi_inRepStart
                0x00000000008002c2        0x1 /work/opensource/personal/microcontroller/arduino/ArduinoLibraries/ArduinoCore/Release/libArduinoCore.a(twi.o)
 .bss.twi_sendStop
                0x00000000008002c3        0x1 /work/opensource/personal/microcontroller/arduino/ArduinoLibraries/ArduinoCore/Release/libArduinoCore.a(twi.o)
 .bss.twi_slarw
                0x00000000008002c4        0x1 /work/opensource/personal/microcontroller/arduino/ArduinoLibraries/ArduinoCore/Release/libArduinoCore.a(twi.o)
 .bss.twi_state
                0x00000000008002c5        0x1 /work/opensource/personal/microcontroller/arduino/ArduinoLibraries/ArduinoCore/Release/libArduinoCore.a(twi.o)
 *(COMMON)
 COMMON         0x00000000008002c6        0x4 /usr/lib/gcc/avr/4.9.2/../../../avr/lib/avr5/libc.a(malloc.o)
                0x00000000008002c6                __brkval
                0x00000000008002c8                __flp
                0x00000000008002ca                PROVIDE (__bss_end, .)
                0x000000000000153c                __data_load_start = LOADADDR (.data)
                0x000000000000158e                __data_load_end = (__data_load_start + SIZEOF (.data))

.noinit         0x00000000008002ca        0x0
                0x00000000008002ca                PROVIDE (__noinit_start, .)
 *(.noinit*)
                0x00000000008002ca                PROVIDE (__noinit_end, .)
                0x00000000008002ca                _end = .
                0x00000000008002ca                PROVIDE (__heap_start, .)

.eeprom         0x0000000000810000        0x0
 *(.eeprom*)
                0x0000000000810000                __eeprom_end = .

.fuse
 *(.fuse)
 *(.lfuse)
 *(.hfuse)
 *(.efuse)

.lock
 *(.lock*)

.signature
 *(.signature*)

.user_signatures
 *(.user_signatures*)

.stab
 *(.stab)

.stabstr
 *(.stabstr)

.stab.excl
 *(.stab.excl)

.stab.exclstr
 *(.stab.exclstr)

.stab.index
 *(.stab.index)

.stab.indexstr
 *(.stab.indexstr)

.comment        0x0000000000000000       0x11
 *(.comment)
 .comment       0x0000000000000000       0x11 ./main.o
                                         0x12 (size before relaxing)
 .comment       0x0000000000000011       0x12 /work/opensource/personal/microcontroller/arduino/ArduinoLibraries/ArduinoCore/Release/libArduinoCore.a(Wire.o)
 .comment       0x0000000000000011       0x12 /work/opensource/personal/microcontroller/arduino/ArduinoLibraries/ArduinoCore/Release/libArduinoCore.a(HardwareSerial.o)
 .comment       0x0000000000000011       0x12 /work/opensource/personal/microcontroller/arduino/ArduinoLibraries/ArduinoCore/Release/libArduinoCore.a(HardwareSerial0.o)
 .comment       0x0000000000000011       0x12 /work/opensource/personal/microcontroller/arduino/ArduinoLibraries/ArduinoCore/Release/libArduinoCore.a(Print.o)
 .comment       0x0000000000000011       0x12 /work/opensource/personal/microcontroller/arduino/ArduinoLibraries/ArduinoCore/Release/libArduinoCore.a(abi.o)
 .comment       0x0000000000000011       0x12 /work/opensource/personal/microcontroller/arduino/ArduinoLibraries/ArduinoCore/Release/libArduinoCore.a(new.o)
 .comment       0x0000000000000011       0x12 /work/opensource/personal/microcontroller/arduino/ArduinoLibraries/ArduinoCore/Release/libArduinoCore.a(wiring.o)
 .comment       0x0000000000000011       0x12 /work/opensource/personal/microcontroller/arduino/ArduinoLibraries/ArduinoCore/Release/libArduinoCore.a(twi.o)
 .comment       0x0000000000000011       0x12 /work/opensource/personal/microcontroller/arduino/ArduinoLibraries/ArduinoCore/Release/libArduinoCore.a(wiring_digital.o)
 .comment       0x0000000000000011       0x12 /work/opensource/personal/microcontroller/arduino/ArduinoLibraries/ArduinoGyroscope/Release/libArduinoGyroscope.a(GyroscopeMPU9250.o)
 .comment       0x0000000000000011       0x12 /work/opensource/personal/microcontroller/arduino/ArduinoLibraries/ArduinoGyroscope/Release/libArduinoGyroscope.a(Gyroscope.o)
 .comment       0x0000000000000011       0x12 /work/opensource/personal/microcontroller/arduino/ArduinoLibraries/ArduinoDevice/Release/libArduinoDevice.a(WiredDevice.o)
 .comment       0x0000000000000011       0x12 /work/opensource/personal/microcontroller/arduino/ArduinoLibraries/ArduinoDevice/Release/libArduinoDevice.a(RegisterBasedWiredDevice.o)
 .comment       0x0000000000000011       0x12 /usr/lib/gcc/avr/4.9.2/../../../avr/lib/avr5/libc.a(malloc.o)

.note.gnu.avr.deviceinfo
                0x0000000000000000       0x40
 .note.gnu.avr.deviceinfo
                0x0000000000000000       0x40 /usr/lib/gcc/avr/4.9.2/../../../avr/lib/avr5/crtatmega328p.o

.note.gnu.build-id
 *(.note.gnu.build-id)

.debug
 *(.debug)

.line
 *(.line)

.debug_srcinfo
 *(.debug_srcinfo)

.debug_sfnames
 *(.debug_sfnames)

.debug_aranges
 *(.debug_aranges)

.debug_pubnames
 *(.debug_pubnames)

.debug_info
 *(.debug_info .gnu.linkonce.wi.*)

.debug_abbrev
 *(.debug_abbrev)

.debug_line
 *(.debug_line .debug_line.* .debug_line_end)

.debug_frame
 *(.debug_frame)

.debug_str
 *(.debug_str)

.debug_loc
 *(.debug_loc)

.debug_macinfo
 *(.debug_macinfo)

.debug_weaknames
 *(.debug_weaknames)

.debug_funcnames
 *(.debug_funcnames)

.debug_typenames
 *(.debug_typenames)

.debug_varnames
 *(.debug_varnames)

.debug_pubtypes
 *(.debug_pubtypes)

.debug_ranges
 *(.debug_ranges)

.debug_macro
 *(.debug_macro)
OUTPUT(SimpleArdionoSketch.elf elf32-avr)
LOAD linker stubs

Cross Reference Table

Symbol                                            File
Serial                                            /work/opensource/personal/microcontroller/arduino/ArduinoLibraries/ArduinoCore/Release/libArduinoCore.a(HardwareSerial0.o)
                                                  ./main.o
Wire                                              /work/opensource/personal/microcontroller/arduino/ArduinoLibraries/ArduinoCore/Release/libArduinoCore.a(Wire.o)
                                                  /work/opensource/personal/microcontroller/arduino/ArduinoLibraries/ArduinoDevice/Release/libArduinoDevice.a(RegisterBasedWiredDevice.o)
                                                  /work/opensource/personal/microcontroller/arduino/ArduinoLibraries/ArduinoDevice/Release/libArduinoDevice.a(WiredDevice.o)
                                                  /work/opensource/personal/microcontroller/arduino/ArduinoLibraries/ArduinoDevice/Release/EepromBasedWiredDevice/EepromBasedWiredDevice.o
_Z11serialEventv                                  /work/opensource/personal/microcontroller/arduino/ArduinoLibraries/ArduinoCore/Release/libArduinoCore.a(HardwareSerial.o)
_Z14serialEventRunv                               /work/opensource/personal/microcontroller/arduino/ArduinoLibraries/ArduinoCore/Release/libArduinoCore.a(HardwareSerial.o)
                                                  ./main.o
_Z17Serial0_availablev                            /work/opensource/personal/microcontroller/arduino/ArduinoLibraries/ArduinoCore/Release/libArduinoCore.a(HardwareSerial0.o)
                                                  /work/opensource/personal/microcontroller/arduino/ArduinoLibraries/ArduinoCore/Release/libArduinoCore.a(HardwareSerial.o)
_ZN11WiredDevice16getDeviceAddressEv              /work/opensource/personal/microcontroller/arduino/ArduinoLibraries/ArduinoDevice/Release/libArduinoDevice.a(WiredDevice.o)
                                                  /work/opensource/personal/microcontroller/arduino/ArduinoLibraries/ArduinoDevice/Release/libArduinoDevice.a(RegisterBasedWiredDevice.o)
                                                  /work/opensource/personal/microcontroller/arduino/ArduinoLibraries/ArduinoDevice/Release/EepromBasedWiredDevice/EepromBasedWiredDevice.o
_ZN11WiredDevice16setDeviceAddressEh              /work/opensource/personal/microcontroller/arduino/ArduinoLibraries/ArduinoDevice/Release/libArduinoDevice.a(WiredDevice.o)
_ZN11WiredDeviceC1Eh                              /work/opensource/personal/microcontroller/arduino/ArduinoLibraries/ArduinoDevice/Release/libArduinoDevice.a(WiredDevice.o)
_ZN11WiredDeviceC2Eh                              /work/opensource/personal/microcontroller/arduino/ArduinoLibraries/ArduinoDevice/Release/libArduinoDevice.a(WiredDevice.o)
                                                  /work/opensource/personal/microcontroller/arduino/ArduinoLibraries/ArduinoDevice/Release/libArduinoDevice.a(RegisterBasedWiredDevice.o)
                                                  /work/opensource/personal/microcontroller/arduino/ArduinoLibraries/ArduinoDevice/Release/EepromBasedWiredDevice/EepromBasedWiredDevice.o
_ZN14HardwareSerial17_tx_udr_empty_irqEv          /work/opensource/personal/microcontroller/arduino/ArduinoLibraries/ArduinoCore/Release/libArduinoCore.a(HardwareSerial.o)
                                                  /work/opensource/personal/microcontroller/arduino/ArduinoLibraries/ArduinoCore/Release/libArduinoCore.a(HardwareSerial0.o)
_ZN14HardwareSerial17availableForWriteEv          /work/opensource/personal/microcontroller/arduino/ArduinoLibraries/ArduinoCore/Release/libArduinoCore.a(HardwareSerial.o)
_ZN14HardwareSerial3endEv                         /work/opensource/personal/microcontroller/arduino/ArduinoLibraries/ArduinoCore/Release/libArduinoCore.a(HardwareSerial.o)
_ZN14HardwareSerial4peekEv                        /work/opensource/personal/microcontroller/arduino/ArduinoLibraries/ArduinoCore/Release/libArduinoCore.a(HardwareSerial.o)
_ZN14HardwareSerial4readEv                        /work/opensource/personal/microcontroller/arduino/ArduinoLibraries/ArduinoCore/Release/libArduinoCore.a(HardwareSerial.o)
_ZN14HardwareSerial5beginEmh                      /work/opensource/personal/microcontroller/arduino/ArduinoLibraries/ArduinoCore/Release/libArduinoCore.a(HardwareSerial.o)
                                                  ./main.o
_ZN14HardwareSerial5flushEv                       /work/opensource/personal/microcontroller/arduino/ArduinoLibraries/ArduinoCore/Release/libArduinoCore.a(HardwareSerial.o)
_ZN14HardwareSerial5writeEh                       /work/opensource/personal/microcontroller/arduino/ArduinoLibraries/ArduinoCore/Release/libArduinoCore.a(HardwareSerial.o)
                                                  ./main.o
_ZN14HardwareSerial9availableEv                   /work/opensource/personal/microcontroller/arduino/ArduinoLibraries/ArduinoCore/Release/libArduinoCore.a(HardwareSerial.o)
                                                  /work/opensource/personal/microcontroller/arduino/ArduinoLibraries/ArduinoCore/Release/libArduinoCore.a(HardwareSerial0.o)
_ZN16GyroscopeMPU925010enableAxisENS_4AxisE       /work/opensource/personal/microcontroller/arduino/ArduinoLibraries/ArduinoGyroscope/Release/libArduinoGyroscope.a(GyroscopeMPU9250.o)
                                                  ./main.o
_ZN16GyroscopeMPU925011selectClockENS_14ClockSelectionE /work/opensource/personal/microcontroller/arduino/ArduinoLibraries/ArduinoGyroscope/Release/libArduinoGyroscope.a(GyroscopeMPU9250.o)
_ZN16GyroscopeMPU925012getRotationXEv             /work/opensource/personal/microcontroller/arduino/ArduinoLibraries/ArduinoGyroscope/Release/libArduinoGyroscope.a(GyroscopeMPU9250.o)
_ZN16GyroscopeMPU925012getRotationYEv             /work/opensource/personal/microcontroller/arduino/ArduinoLibraries/ArduinoGyroscope/Release/libArduinoGyroscope.a(GyroscopeMPU9250.o)
_ZN16GyroscopeMPU925012getRotationZEv             /work/opensource/personal/microcontroller/arduino/ArduinoLibraries/ArduinoGyroscope/Release/libArduinoGyroscope.a(GyroscopeMPU9250.o)
_ZN16GyroscopeMPU925016readAxisRotationEh         /work/opensource/personal/microcontroller/arduino/ArduinoLibraries/ArduinoGyroscope/Release/libArduinoGyroscope.a(GyroscopeMPU9250.o)
_ZN16GyroscopeMPU925017setFullScaleRangeENS_14FullScaleRangeE /work/opensource/personal/microcontroller/arduino/ArduinoLibraries/ArduinoGyroscope/Release/libArduinoGyroscope.a(GyroscopeMPU9250.o)
                                                  ./main.o
_ZN16GyroscopeMPU925025convertToDegreePerSecondsEPh /work/opensource/personal/microcontroller/arduino/ArduinoLibraries/ArduinoGyroscope/Release/libArduinoGyroscope.a(GyroscopeMPU9250.o)
_ZN16GyroscopeMPU92505awakeEv                     /work/opensource/personal/microcontroller/arduino/ArduinoLibraries/ArduinoGyroscope/Release/libArduinoGyroscope.a(GyroscopeMPU9250.o)
_ZN16GyroscopeMPU92505resetEv                     /work/opensource/personal/microcontroller/arduino/ArduinoLibraries/ArduinoGyroscope/Release/libArduinoGyroscope.a(GyroscopeMPU9250.o)
_ZN16GyroscopeMPU92505sleepEv                     /work/opensource/personal/microcontroller/arduino/ArduinoLibraries/ArduinoGyroscope/Release/libArduinoGyroscope.a(GyroscopeMPU9250.o)
_ZN16GyroscopeMPU92507readXYZEPh                  /work/opensource/personal/microcontroller/arduino/ArduinoLibraries/ArduinoGyroscope/Release/libArduinoGyroscope.a(GyroscopeMPU9250.o)
                                                  ./main.o
_ZN16GyroscopeMPU9250C1Eb                         /work/opensource/personal/microcontroller/arduino/ArduinoLibraries/ArduinoGyroscope/Release/libArduinoGyroscope.a(GyroscopeMPU9250.o)
                                                  ./main.o
_ZN16GyroscopeMPU9250C2Eb                         /work/opensource/personal/microcontroller/arduino/ArduinoLibraries/ArduinoGyroscope/Release/libArduinoGyroscope.a(GyroscopeMPU9250.o)
_ZN16GyroscopeMPU9250D0Ev                         /work/opensource/personal/microcontroller/arduino/ArduinoLibraries/ArduinoGyroscope/Release/libArduinoGyroscope.a(GyroscopeMPU9250.o)
_ZN16GyroscopeMPU9250D1Ev                         /work/opensource/personal/microcontroller/arduino/ArduinoLibraries/ArduinoGyroscope/Release/libArduinoGyroscope.a(GyroscopeMPU9250.o)
_ZN16GyroscopeMPU9250D2Ev                         /work/opensource/personal/microcontroller/arduino/ArduinoLibraries/ArduinoGyroscope/Release/libArduinoGyroscope.a(GyroscopeMPU9250.o)
_ZN22EepromBasedWiredDevice10writeBlockEjPhi      /work/opensource/personal/microcontroller/arduino/ArduinoLibraries/ArduinoDevice/Release/EepromBasedWiredDevice/EepromBasedWiredDevice.o
_ZN22EepromBasedWiredDevice14getAddressSizeEv     /work/opensource/personal/microcontroller/arduino/ArduinoLibraries/ArduinoDevice/Release/EepromBasedWiredDevice/EepromBasedWiredDevice.o
_ZN22EepromBasedWiredDevice14setAddressSizeEc     /work/opensource/personal/microcontroller/arduino/ArduinoLibraries/ArduinoDevice/Release/EepromBasedWiredDevice/EepromBasedWiredDevice.o
_ZN22EepromBasedWiredDevice9readBlockEjPhi        /work/opensource/personal/microcontroller/arduino/ArduinoLibraries/ArduinoDevice/Release/EepromBasedWiredDevice/EepromBasedWiredDevice.o
_ZN22EepromBasedWiredDeviceC1Eh                   /work/opensource/personal/microcontroller/arduino/ArduinoLibraries/ArduinoDevice/Release/EepromBasedWiredDevice/EepromBasedWiredDevice.o
_ZN22EepromBasedWiredDeviceC1Ehc                  /work/opensource/personal/microcontroller/arduino/ArduinoLibraries/ArduinoDevice/Release/EepromBasedWiredDevice/EepromBasedWiredDevice.o
_ZN22EepromBasedWiredDeviceC1Ehch                 /work/opensource/personal/microcontroller/arduino/ArduinoLibraries/ArduinoDevice/Release/EepromBasedWiredDevice/EepromBasedWiredDevice.o
_ZN22EepromBasedWiredDeviceC2Eh                   /work/opensource/personal/microcontroller/arduino/ArduinoLibraries/ArduinoDevice/Release/EepromBasedWiredDevice/EepromBasedWiredDevice.o
_ZN22EepromBasedWiredDeviceC2Ehc                  /work/opensource/personal/microcontroller/arduino/ArduinoLibraries/ArduinoDevice/Release/EepromBasedWiredDevice/EepromBasedWiredDevice.o
_ZN22EepromBasedWiredDeviceC2Ehch                 /work/opensource/personal/microcontroller/arduino/ArduinoLibraries/ArduinoDevice/Release/EepromBasedWiredDevice/EepromBasedWiredDevice.o
_ZN22EepromBasedWiredDeviceD0Ev                   /work/opensource/personal/microcontroller/arduino/ArduinoLibraries/ArduinoDevice/Release/EepromBasedWiredDevice/EepromBasedWiredDevice.o
_ZN22EepromBasedWiredDeviceD1Ev                   /work/opensource/personal/microcontroller/arduino/ArduinoLibraries/ArduinoDevice/Release/EepromBasedWiredDevice/EepromBasedWiredDevice.o
_ZN22EepromBasedWiredDeviceD2Ev                   /work/opensource/personal/microcontroller/arduino/ArduinoLibraries/ArduinoDevice/Release/EepromBasedWiredDevice/EepromBasedWiredDevice.o
_ZN24RegisterBasedWiredDevice12readRegisterEh     /work/opensource/personal/microcontroller/arduino/ArduinoLibraries/ArduinoDevice/Release/libArduinoDevice.a(RegisterBasedWiredDevice.o)
_ZN24RegisterBasedWiredDevice13writeRegisterEhh   /work/opensource/personal/microcontroller/arduino/ArduinoLibraries/ArduinoDevice/Release/libArduinoDevice.a(RegisterBasedWiredDevice.o)
_ZN24RegisterBasedWiredDevice17readRegisterBlockEhPhh /work/opensource/personal/microcontroller/arduino/ArduinoLibraries/ArduinoDevice/Release/libArduinoDevice.a(RegisterBasedWiredDevice.o)
                                                  /work/opensource/personal/microcontroller/arduino/ArduinoLibraries/ArduinoGyroscope/Release/libArduinoGyroscope.a(GyroscopeMPU9250.o)
_ZN24RegisterBasedWiredDevice18writeRegisterBlockEhPhh /work/opensource/personal/microcontroller/arduino/ArduinoLibraries/ArduinoDevice/Release/libArduinoDevice.a(RegisterBasedWiredDevice.o)
_ZN24RegisterBasedWiredDevice21configureRegisterBitsEhhh /work/opensource/personal/microcontroller/arduino/ArduinoLibraries/ArduinoDevice/Release/libArduinoDevice.a(RegisterBasedWiredDevice.o)
                                                  /work/opensource/personal/microcontroller/arduino/ArduinoLibraries/ArduinoGyroscope/Release/libArduinoGyroscope.a(GyroscopeMPU9250.o)
_ZN24RegisterBasedWiredDeviceC1Eh                 /work/opensource/personal/microcontroller/arduino/ArduinoLibraries/ArduinoDevice/Release/libArduinoDevice.a(RegisterBasedWiredDevice.o)
_ZN24RegisterBasedWiredDeviceC2Eh                 /work/opensource/personal/microcontroller/arduino/ArduinoLibraries/ArduinoDevice/Release/libArduinoDevice.a(RegisterBasedWiredDevice.o)
                                                  /work/opensource/personal/microcontroller/arduino/ArduinoLibraries/ArduinoGyroscope/Release/libArduinoGyroscope.a(GyroscopeMPU9250.o)
_ZN5Print10printFloatEdh                          /work/opensource/personal/microcontroller/arduino/ArduinoLibraries/ArduinoCore/Release/libArduinoCore.a(Print.o)
_ZN5Print11printNumberEmh                         /work/opensource/personal/microcontroller/arduino/ArduinoLibraries/ArduinoCore/Release/libArduinoCore.a(Print.o)
_ZN5Print5printEPK19__FlashStringHelper           /work/opensource/personal/microcontroller/arduino/ArduinoLibraries/ArduinoCore/Release/libArduinoCore.a(Print.o)
_ZN5Print5printEPKc                               /work/opensource/personal/microcontroller/arduino/ArduinoLibraries/ArduinoCore/Release/libArduinoCore.a(Print.o)
_ZN5Print5printERK6String                         /work/opensource/personal/microcontroller/arduino/ArduinoLibraries/ArduinoCore/Release/libArduinoCore.a(Print.o)
_ZN5Print5printERK9Printable                      /work/opensource/personal/microcontroller/arduino/ArduinoLibraries/ArduinoCore/Release/libArduinoCore.a(Print.o)
_ZN5Print5printEc                                 /work/opensource/personal/microcontroller/arduino/ArduinoLibraries/ArduinoCore/Release/libArduinoCore.a(Print.o)
_ZN5Print5printEdi                                /work/opensource/personal/microcontroller/arduino/ArduinoLibraries/ArduinoCore/Release/libArduinoCore.a(Print.o)
_ZN5Print5printEhi                                /work/opensource/personal/microcontroller/arduino/ArduinoLibraries/ArduinoCore/Release/libArduinoCore.a(Print.o)
_ZN5Print5printEii                                /work/opensource/personal/microcontroller/arduino/ArduinoLibraries/ArduinoCore/Release/libArduinoCore.a(Print.o)
_ZN5Print5printEji                                /work/opensource/personal/microcontroller/arduino/ArduinoLibraries/ArduinoCore/Release/libArduinoCore.a(Print.o)
_ZN5Print5printEli                                /work/opensource/personal/microcontroller/arduino/ArduinoLibraries/ArduinoCore/Release/libArduinoCore.a(Print.o)
_ZN5Print5printEmi                                /work/opensource/personal/microcontroller/arduino/ArduinoLibraries/ArduinoCore/Release/libArduinoCore.a(Print.o)
_ZN5Print5writeEPKc                               /work/opensource/personal/microcontroller/arduino/ArduinoLibraries/ArduinoCore/Release/libArduinoCore.a(Print.o)
_ZN5Print5writeEPKhj                              /work/opensource/personal/microcontroller/arduino/ArduinoLibraries/ArduinoCore/Release/libArduinoCore.a(Print.o)
                                                  /work/opensource/personal/microcontroller/arduino/ArduinoLibraries/ArduinoCore/Release/libArduinoCore.a(HardwareSerial.o)
                                                  ./main.o
_ZN5Print7printlnEPK19__FlashStringHelper         /work/opensource/personal/microcontroller/arduino/ArduinoLibraries/ArduinoCore/Release/libArduinoCore.a(Print.o)
_ZN5Print7printlnEPKc                             /work/opensource/personal/microcontroller/arduino/ArduinoLibraries/ArduinoCore/Release/libArduinoCore.a(Print.o)
_ZN5Print7printlnERK6String                       /work/opensource/personal/microcontroller/arduino/ArduinoLibraries/ArduinoCore/Release/libArduinoCore.a(Print.o)
_ZN5Print7printlnERK9Printable                    /work/opensource/personal/microcontroller/arduino/ArduinoLibraries/ArduinoCore/Release/libArduinoCore.a(Print.o)
_ZN5Print7printlnEc                               /work/opensource/personal/microcontroller/arduino/ArduinoLibraries/ArduinoCore/Release/libArduinoCore.a(Print.o)
_ZN5Print7printlnEdi                              /work/opensource/personal/microcontroller/arduino/ArduinoLibraries/ArduinoCore/Release/libArduinoCore.a(Print.o)
_ZN5Print7printlnEhi                              /work/opensource/personal/microcontroller/arduino/ArduinoLibraries/ArduinoCore/Release/libArduinoCore.a(Print.o)
_ZN5Print7printlnEii                              /work/opensource/personal/microcontroller/arduino/ArduinoLibraries/ArduinoCore/Release/libArduinoCore.a(Print.o)
_ZN5Print7printlnEji                              /work/opensource/personal/microcontroller/arduino/ArduinoLibraries/ArduinoCore/Release/libArduinoCore.a(Print.o)
_ZN5Print7printlnEli                              /work/opensource/personal/microcontroller/arduino/ArduinoLibraries/ArduinoCore/Release/libArduinoCore.a(Print.o)
_ZN5Print7printlnEmi                              /work/opensource/personal/microcontroller/arduino/ArduinoLibraries/ArduinoCore/Release/libArduinoCore.a(Print.o)
_ZN5Print7printlnEv                               /work/opensource/personal/microcontroller/arduino/ArduinoLibraries/ArduinoCore/Release/libArduinoCore.a(Print.o)
_ZN7TwoWire11requestFromEhh                       /work/opensource/personal/microcontroller/arduino/ArduinoLibraries/ArduinoCore/Release/libArduinoCore.a(Wire.o)
                                                  /work/opensource/personal/microcontroller/arduino/ArduinoLibraries/ArduinoDevice/Release/libArduinoDevice.a(RegisterBasedWiredDevice.o)
_ZN7TwoWire11requestFromEhhh                      /work/opensource/personal/microcontroller/arduino/ArduinoLibraries/ArduinoCore/Release/libArduinoCore.a(Wire.o)
_ZN7TwoWire11requestFromEhhmhh                    /work/opensource/personal/microcontroller/arduino/ArduinoLibraries/ArduinoCore/Release/libArduinoCore.a(Wire.o)
_ZN7TwoWire11requestFromEii                       /work/opensource/personal/microcontroller/arduino/ArduinoLibraries/ArduinoCore/Release/libArduinoCore.a(Wire.o)
                                                  /work/opensource/personal/microcontroller/arduino/ArduinoLibraries/ArduinoDevice/Release/EepromBasedWiredDevice/EepromBasedWiredDevice.o
_ZN7TwoWire11requestFromEiii                      /work/opensource/personal/microcontroller/arduino/ArduinoLibraries/ArduinoCore/Release/libArduinoCore.a(Wire.o)
_ZN7TwoWire12transmittingE                        /work/opensource/personal/microcontroller/arduino/ArduinoLibraries/ArduinoCore/Release/libArduinoCore.a(Wire.o)
_ZN7TwoWire13rxBufferIndexE                       /work/opensource/personal/microcontroller/arduino/ArduinoLibraries/ArduinoCore/Release/libArduinoCore.a(Wire.o)
_ZN7TwoWire13txBufferIndexE                       /work/opensource/personal/microcontroller/arduino/ArduinoLibraries/ArduinoCore/Release/libArduinoCore.a(Wire.o)
_ZN7TwoWire14rxBufferLengthE                      /work/opensource/personal/microcontroller/arduino/ArduinoLibraries/ArduinoCore/Release/libArduinoCore.a(Wire.o)
_ZN7TwoWire14txBufferLengthE                      /work/opensource/personal/microcontroller/arduino/ArduinoLibraries/ArduinoCore/Release/libArduinoCore.a(Wire.o)
_ZN7TwoWire14user_onReceiveE                      /work/opensource/personal/microcontroller/arduino/ArduinoLibraries/ArduinoCore/Release/libArduinoCore.a(Wire.o)
_ZN7TwoWire14user_onRequestE                      /work/opensource/personal/microcontroller/arduino/ArduinoLibraries/ArduinoCore/Release/libArduinoCore.a(Wire.o)
_ZN7TwoWire15endTransmissionEh                    /work/opensource/personal/microcontroller/arduino/ArduinoLibraries/ArduinoCore/Release/libArduinoCore.a(Wire.o)
                                                  /work/opensource/personal/microcontroller/arduino/ArduinoLibraries/ArduinoDevice/Release/libArduinoDevice.a(RegisterBasedWiredDevice.o)
_ZN7TwoWire15endTransmissionEv                    /work/opensource/personal/microcontroller/arduino/ArduinoLibraries/ArduinoCore/Release/libArduinoCore.a(Wire.o)
                                                  /work/opensource/personal/microcontroller/arduino/ArduinoLibraries/ArduinoDevice/Release/libArduinoDevice.a(RegisterBasedWiredDevice.o)
                                                  /work/opensource/personal/microcontroller/arduino/ArduinoLibraries/ArduinoDevice/Release/EepromBasedWiredDevice/EepromBasedWiredDevice.o
_ZN7TwoWire16onReceiveServiceEPhi                 /work/opensource/personal/microcontroller/arduino/ArduinoLibraries/ArduinoCore/Release/libArduinoCore.a(Wire.o)
_ZN7TwoWire16onRequestServiceEv                   /work/opensource/personal/microcontroller/arduino/ArduinoLibraries/ArduinoCore/Release/libArduinoCore.a(Wire.o)
_ZN7TwoWire17beginTransmissionEh                  /work/opensource/personal/microcontroller/arduino/ArduinoLibraries/ArduinoCore/Release/libArduinoCore.a(Wire.o)
                                                  /work/opensource/personal/microcontroller/arduino/ArduinoLibraries/ArduinoDevice/Release/libArduinoDevice.a(RegisterBasedWiredDevice.o)
                                                  /work/opensource/personal/microcontroller/arduino/ArduinoLibraries/ArduinoDevice/Release/EepromBasedWiredDevice/EepromBasedWiredDevice.o
_ZN7TwoWire17beginTransmissionEi                  /work/opensource/personal/microcontroller/arduino/ArduinoLibraries/ArduinoCore/Release/libArduinoCore.a(Wire.o)
_ZN7TwoWire3endEv                                 /work/opensource/personal/microcontroller/arduino/ArduinoLibraries/ArduinoCore/Release/libArduinoCore.a(Wire.o)
_ZN7TwoWire4peekEv                                /work/opensource/personal/microcontroller/arduino/ArduinoLibraries/ArduinoCore/Release/libArduinoCore.a(Wire.o)
_ZN7TwoWire4readEv                                /work/opensource/personal/microcontroller/arduino/ArduinoLibraries/ArduinoCore/Release/libArduinoCore.a(Wire.o)
                                                  /work/opensource/personal/microcontroller/arduino/ArduinoLibraries/ArduinoDevice/Release/libArduinoDevice.a(RegisterBasedWiredDevice.o)
                                                  /work/opensource/personal/microcontroller/arduino/ArduinoLibraries/ArduinoDevice/Release/EepromBasedWiredDevice/EepromBasedWiredDevice.o
_ZN7TwoWire5beginEh                               /work/opensource/personal/microcontroller/arduino/ArduinoLibraries/ArduinoCore/Release/libArduinoCore.a(Wire.o)
_ZN7TwoWire5beginEi                               /work/opensource/personal/microcontroller/arduino/ArduinoLibraries/ArduinoCore/Release/libArduinoCore.a(Wire.o)
_ZN7TwoWire5beginEv                               /work/opensource/personal/microcontroller/arduino/ArduinoLibraries/ArduinoCore/Release/libArduinoCore.a(Wire.o)
                                                  /work/opensource/personal/microcontroller/arduino/ArduinoLibraries/ArduinoDevice/Release/libArduinoDevice.a(WiredDevice.o)
_ZN7TwoWire5flushEv                               /work/opensource/personal/microcontroller/arduino/ArduinoLibraries/ArduinoCore/Release/libArduinoCore.a(Wire.o)
_ZN7TwoWire5writeEPKhj                            /work/opensource/personal/microcontroller/arduino/ArduinoLibraries/ArduinoCore/Release/libArduinoCore.a(Wire.o)
                                                  /work/opensource/personal/microcontroller/arduino/ArduinoLibraries/ArduinoDevice/Release/libArduinoDevice.a(RegisterBasedWiredDevice.o)
                                                  /work/opensource/personal/microcontroller/arduino/ArduinoLibraries/ArduinoDevice/Release/EepromBasedWiredDevice/EepromBasedWiredDevice.o
_ZN7TwoWire5writeEh                               /work/opensource/personal/microcontroller/arduino/ArduinoLibraries/ArduinoCore/Release/libArduinoCore.a(Wire.o)
                                                  /work/opensource/personal/microcontroller/arduino/ArduinoLibraries/ArduinoDevice/Release/libArduinoDevice.a(RegisterBasedWiredDevice.o)
                                                  /work/opensource/personal/microcontroller/arduino/ArduinoLibraries/ArduinoDevice/Release/EepromBasedWiredDevice/EepromBasedWiredDevice.o
_ZN7TwoWire8rxBufferE                             /work/opensource/personal/microcontroller/arduino/ArduinoLibraries/ArduinoCore/Release/libArduinoCore.a(Wire.o)
_ZN7TwoWire8setClockEm                            /work/opensource/personal/microcontroller/arduino/ArduinoLibraries/ArduinoCore/Release/libArduinoCore.a(Wire.o)
_ZN7TwoWire8txBufferE                             /work/opensource/personal/microcontroller/arduino/ArduinoLibraries/ArduinoCore/Release/libArduinoCore.a(Wire.o)
_ZN7TwoWire9availableEv                           /work/opensource/personal/microcontroller/arduino/ArduinoLibraries/ArduinoCore/Release/libArduinoCore.a(Wire.o)
                                                  /work/opensource/personal/microcontroller/arduino/ArduinoLibraries/ArduinoDevice/Release/libArduinoDevice.a(RegisterBasedWiredDevice.o)
                                                  /work/opensource/personal/microcontroller/arduino/ArduinoLibraries/ArduinoDevice/Release/EepromBasedWiredDevice/EepromBasedWiredDevice.o
_ZN7TwoWire9onReceiveEPFviE                       /work/opensource/personal/microcontroller/arduino/ArduinoLibraries/ArduinoCore/Release/libArduinoCore.a(Wire.o)
_ZN7TwoWire9onRequestEPFvvE                       /work/opensource/personal/microcontroller/arduino/ArduinoLibraries/ArduinoCore/Release/libArduinoCore.a(Wire.o)
_ZN7TwoWire9txAddressE                            /work/opensource/personal/microcontroller/arduino/ArduinoLibraries/ArduinoCore/Release/libArduinoCore.a(Wire.o)
_ZN7TwoWireC1Ev                                   /work/opensource/personal/microcontroller/arduino/ArduinoLibraries/ArduinoCore/Release/libArduinoCore.a(Wire.o)
_ZN7TwoWireC2Ev                                   /work/opensource/personal/microcontroller/arduino/ArduinoLibraries/ArduinoCore/Release/libArduinoCore.a(Wire.o)
_ZN9GyroscopeD0Ev                                 /work/opensource/personal/microcontroller/arduino/ArduinoLibraries/ArduinoGyroscope/Release/libArduinoGyroscope.a(Gyroscope.o)
_ZN9GyroscopeD1Ev                                 /work/opensource/personal/microcontroller/arduino/ArduinoLibraries/ArduinoGyroscope/Release/libArduinoGyroscope.a(Gyroscope.o)
_ZN9GyroscopeD2Ev                                 /work/opensource/personal/microcontroller/arduino/ArduinoLibraries/ArduinoGyroscope/Release/libArduinoGyroscope.a(Gyroscope.o)
                                                  /work/opensource/personal/microcontroller/arduino/ArduinoLibraries/ArduinoGyroscope/Release/libArduinoGyroscope.a(GyroscopeMPU9250.o)
                                                  ./main.o
_ZTV14HardwareSerial                              /work/opensource/personal/microcontroller/arduino/ArduinoLibraries/ArduinoCore/Release/libArduinoCore.a(HardwareSerial.o)
                                                  /work/opensource/personal/microcontroller/arduino/ArduinoLibraries/ArduinoCore/Release/libArduinoCore.a(HardwareSerial0.o)
_ZTV16GyroscopeMPU9250                            /work/opensource/personal/microcontroller/arduino/ArduinoLibraries/ArduinoGyroscope/Release/libArduinoGyroscope.a(GyroscopeMPU9250.o)
                                                  ./main.o
_ZTV22EepromBasedWiredDevice                      /work/opensource/personal/microcontroller/arduino/ArduinoLibraries/ArduinoDevice/Release/EepromBasedWiredDevice/EepromBasedWiredDevice.o
_ZTV5Print                                        /work/opensource/personal/microcontroller/arduino/ArduinoLibraries/ArduinoCore/Release/libArduinoCore.a(Print.o)
_ZTV7TwoWire                                      /work/opensource/personal/microcontroller/arduino/ArduinoLibraries/ArduinoCore/Release/libArduinoCore.a(Wire.o)
_ZTV9Gyroscope                                    /work/opensource/personal/microcontroller/arduino/ArduinoLibraries/ArduinoGyroscope/Release/libArduinoGyroscope.a(Gyroscope.o)
                                                  /work/opensource/personal/microcontroller/arduino/ArduinoLibraries/ArduinoGyroscope/Release/libArduinoGyroscope.a(GyroscopeMPU9250.o)
_ZdaPv                                            /work/opensource/personal/microcontroller/arduino/ArduinoLibraries/ArduinoCore/Release/libArduinoCore.a(new.o)
_ZdlPv                                            /work/opensource/personal/microcontroller/arduino/ArduinoLibraries/ArduinoCore/Release/libArduinoCore.a(new.o)
                                                  /work/opensource/personal/microcontroller/arduino/ArduinoLibraries/ArduinoGyroscope/Release/libArduinoGyroscope.a(Gyroscope.o)
                                                  /work/opensource/personal/microcontroller/arduino/ArduinoLibraries/ArduinoGyroscope/Release/libArduinoGyroscope.a(GyroscopeMPU9250.o)
                                                  /work/opensource/personal/microcontroller/arduino/ArduinoLibraries/ArduinoDevice/Release/EepromBasedWiredDevice/EepromBasedWiredDevice.o
_Znaj                                             /work/opensource/personal/microcontroller/arduino/ArduinoLibraries/ArduinoCore/Release/libArduinoCore.a(new.o)
_Znwj                                             /work/opensource/personal/microcontroller/arduino/ArduinoLibraries/ArduinoCore/Release/libArduinoCore.a(new.o)
__addsf3                                          /usr/lib/gcc/avr/4.9.2/../../../avr/lib/avr5/libm.a(addsf3.o)
                                                  /work/opensource/personal/microcontroller/arduino/ArduinoLibraries/ArduinoCore/Release/libArduinoCore.a(Print.o)
__addsf3x                                         /usr/lib/gcc/avr/4.9.2/../../../avr/lib/avr5/libm.a(addsf3x.o)
                                                  /usr/lib/gcc/avr/4.9.2/../../../avr/lib/avr5/libm.a(addsf3.o)
__bad_interrupt                                   /usr/lib/gcc/avr/4.9.2/../../../avr/lib/avr5/crtatmega328p.o
__brkval                                          /usr/lib/gcc/avr/4.9.2/../../../avr/lib/avr5/libc.a(malloc.o)
__bss_end                                         /usr/lib/gcc/avr/4.9.2/avr5/libgcc.a(_clear_bss.o)
__bss_start                                       /usr/lib/gcc/avr/4.9.2/avr5/libgcc.a(_clear_bss.o)
__cmpsf2                                          /usr/lib/gcc/avr/4.9.2/../../../avr/lib/avr5/libm.a(cmpsf2.o)
__ctors_end                                       /usr/lib/gcc/avr/4.9.2/avr5/libgcc.a(_ctors.o)
__ctors_start                                     /usr/lib/gcc/avr/4.9.2/avr5/libgcc.a(_ctors.o)
__cxa_deleted_virtual                             /work/opensource/personal/microcontroller/arduino/ArduinoLibraries/ArduinoCore/Release/libArduinoCore.a(abi.o)
__cxa_pure_virtual                                /work/opensource/personal/microcontroller/arduino/ArduinoLibraries/ArduinoCore/Release/libArduinoCore.a(abi.o)
                                                  /work/opensource/personal/microcontroller/arduino/ArduinoLibraries/ArduinoGyroscope/Release/libArduinoGyroscope.a(Gyroscope.o)
                                                  /work/opensource/personal/microcontroller/arduino/ArduinoLibraries/ArduinoCore/Release/libArduinoCore.a(Print.o)
__data_end                                        /usr/lib/gcc/avr/4.9.2/avr5/libgcc.a(_copy_data.o)
__data_load_start                                 /usr/lib/gcc/avr/4.9.2/avr5/libgcc.a(_copy_data.o)
__data_start                                      /usr/lib/gcc/avr/4.9.2/avr5/libgcc.a(_copy_data.o)
__divsf3                                          /usr/lib/gcc/avr/4.9.2/../../../avr/lib/avr5/libm.a(divsf3.o)
                                                  /work/opensource/personal/microcontroller/arduino/ArduinoLibraries/ArduinoGyroscope/Release/libArduinoGyroscope.a(GyroscopeMPU9250.o)
                                                  /work/opensource/personal/microcontroller/arduino/ArduinoLibraries/ArduinoCore/Release/libArduinoCore.a(Print.o)
__divsf3_pse                                      /usr/lib/gcc/avr/4.9.2/../../../avr/lib/avr5/libm.a(divsf3x.o)
__divsf3x                                         /usr/lib/gcc/avr/4.9.2/../../../avr/lib/avr5/libm.a(divsf3x.o)
                                                  /usr/lib/gcc/avr/4.9.2/../../../avr/lib/avr5/libm.a(divsf3.o)
__do_clear_bss                                    /usr/lib/gcc/avr/4.9.2/avr5/libgcc.a(_clear_bss.o)
                                                  /usr/lib/gcc/avr/4.9.2/../../../avr/lib/avr5/libc.a(malloc.o)
                                                  /work/opensource/personal/microcontroller/arduino/ArduinoLibraries/ArduinoCore/Release/libArduinoCore.a(twi.o)
                                                  /work/opensource/personal/microcontroller/arduino/ArduinoLibraries/ArduinoCore/Release/libArduinoCore.a(wiring.o)
                                                  /work/opensource/personal/microcontroller/arduino/ArduinoLibraries/ArduinoCore/Release/libArduinoCore.a(HardwareSerial0.o)
                                                  /work/opensource/personal/microcontroller/arduino/ArduinoLibraries/ArduinoCore/Release/libArduinoCore.a(Wire.o)
                                                  ./main.o
__do_copy_data                                    /usr/lib/gcc/avr/4.9.2/avr5/libgcc.a(_copy_data.o)
                                                  /usr/lib/gcc/avr/4.9.2/../../../avr/lib/avr5/libc.a(malloc.o)
                                                  /work/opensource/personal/microcontroller/arduino/ArduinoLibraries/ArduinoGyroscope/Release/libArduinoGyroscope.a(Gyroscope.o)
                                                  /work/opensource/personal/microcontroller/arduino/ArduinoLibraries/ArduinoGyroscope/Release/libArduinoGyroscope.a(GyroscopeMPU9250.o)
                                                  /work/opensource/personal/microcontroller/arduino/ArduinoLibraries/ArduinoCore/Release/libArduinoCore.a(Print.o)
                                                  /work/opensource/personal/microcontroller/arduino/ArduinoLibraries/ArduinoCore/Release/libArduinoCore.a(HardwareSerial.o)
                                                  /work/opensource/personal/microcontroller/arduino/ArduinoLibraries/ArduinoCore/Release/libArduinoCore.a(Wire.o)
                                                  /work/opensource/personal/microcontroller/arduino/ArduinoLibraries/ArduinoDevice/Release/EepromBasedWiredDevice/EepromBasedWiredDevice.o
__do_global_ctors                                 /usr/lib/gcc/avr/4.9.2/avr5/libgcc.a(_ctors.o)
                                                  /work/opensource/personal/microcontroller/arduino/ArduinoLibraries/ArduinoCore/Release/libArduinoCore.a(HardwareSerial0.o)
                                                  /work/opensource/personal/microcontroller/arduino/ArduinoLibraries/ArduinoCore/Release/libArduinoCore.a(Wire.o)
                                                  ./main.o
__do_global_dtors                                 /usr/lib/gcc/avr/4.9.2/avr5/libgcc.a(_dtors.o)
                                                  ./main.o
__dtors_end                                       /usr/lib/gcc/avr/4.9.2/avr5/libgcc.a(_dtors.o)
__dtors_start                                     /usr/lib/gcc/avr/4.9.2/avr5/libgcc.a(_dtors.o)
__eqsf2                                           /usr/lib/gcc/avr/4.9.2/../../../avr/lib/avr5/libm.a(cmpsf2.o)
__fixsfsi                                         /usr/lib/gcc/avr/4.9.2/../../../avr/lib/avr5/libm.a(fixsfsi.o)
                                                  /work/opensource/personal/microcontroller/arduino/ArduinoLibraries/ArduinoCore/Release/libArduinoCore.a(Print.o)
__fixunssfsi                                      /usr/lib/gcc/avr/4.9.2/../../../avr/lib/avr5/libm.a(fixunssfsi.o)
                                                  /usr/lib/gcc/avr/4.9.2/../../../avr/lib/avr5/libm.a(fixsfsi.o)
                                                  /work/opensource/personal/microcontroller/arduino/ArduinoLibraries/ArduinoCore/Release/libArduinoCore.a(Print.o)
__floatsisf                                       /usr/lib/gcc/avr/4.9.2/../../../avr/lib/avr5/libm.a(floatsisf.o)
                                                  /work/opensource/personal/microcontroller/arduino/ArduinoLibraries/ArduinoGyroscope/Release/libArduinoGyroscope.a(GyroscopeMPU9250.o)
                                                  /work/opensource/personal/microcontroller/arduino/ArduinoLibraries/ArduinoCore/Release/libArduinoCore.a(Print.o)
__floatunsisf                                     /usr/lib/gcc/avr/4.9.2/../../../avr/lib/avr5/libm.a(floatsisf.o)
                                                  /work/opensource/personal/microcontroller/arduino/ArduinoLibraries/ArduinoCore/Release/libArduinoCore.a(Print.o)
__flp                                             /usr/lib/gcc/avr/4.9.2/../../../avr/lib/avr5/libc.a(malloc.o)
__fp_cmp                                          /usr/lib/gcc/avr/4.9.2/../../../avr/lib/avr5/libm.a(fp_cmp.o)
                                                  /usr/lib/gcc/avr/4.9.2/../../../avr/lib/avr5/libm.a(unordsf2.o)
                                                  /usr/lib/gcc/avr/4.9.2/../../../avr/lib/avr5/libm.a(gesf2.o)
                                                  /usr/lib/gcc/avr/4.9.2/../../../avr/lib/avr5/libm.a(cmpsf2.o)
__fp_inf                                          /usr/lib/gcc/avr/4.9.2/../../../avr/lib/avr5/libm.a(fp_inf.o)
                                                  /usr/lib/gcc/avr/4.9.2/../../../avr/lib/avr5/libm.a(mulsf3x.o)
                                                  /usr/lib/gcc/avr/4.9.2/../../../avr/lib/avr5/libm.a(divsf3x.o)
                                                  /usr/lib/gcc/avr/4.9.2/../../../avr/lib/avr5/libm.a(addsf3x.o)
__fp_nan                                          /usr/lib/gcc/avr/4.9.2/../../../avr/lib/avr5/libm.a(fp_nan.o)
                                                  /usr/lib/gcc/avr/4.9.2/../../../avr/lib/avr5/libm.a(mulsf3x.o)
                                                  /usr/lib/gcc/avr/4.9.2/../../../avr/lib/avr5/libm.a(divsf3x.o)
                                                  /usr/lib/gcc/avr/4.9.2/../../../avr/lib/avr5/libm.a(addsf3x.o)
__fp_pscA                                         /usr/lib/gcc/avr/4.9.2/../../../avr/lib/avr5/libm.a(fp_pscA.o)
                                                  /usr/lib/gcc/avr/4.9.2/../../../avr/lib/avr5/libm.a(mulsf3x.o)
                                                  /usr/lib/gcc/avr/4.9.2/../../../avr/lib/avr5/libm.a(divsf3x.o)
                                                  /usr/lib/gcc/avr/4.9.2/../../../avr/lib/avr5/libm.a(addsf3x.o)
__fp_pscB                                         /usr/lib/gcc/avr/4.9.2/../../../avr/lib/avr5/libm.a(fp_pscB.o)
                                                  /usr/lib/gcc/avr/4.9.2/../../../avr/lib/avr5/libm.a(mulsf3x.o)
                                                  /usr/lib/gcc/avr/4.9.2/../../../avr/lib/avr5/libm.a(divsf3x.o)
                                                  /usr/lib/gcc/avr/4.9.2/../../../avr/lib/avr5/libm.a(addsf3x.o)
__fp_round                                        /usr/lib/gcc/avr/4.9.2/../../../avr/lib/avr5/libm.a(fp_round.o)
                                                  /usr/lib/gcc/avr/4.9.2/../../../avr/lib/avr5/libm.a(mulsf3.o)
                                                  /usr/lib/gcc/avr/4.9.2/../../../avr/lib/avr5/libm.a(divsf3.o)
                                                  /usr/lib/gcc/avr/4.9.2/../../../avr/lib/avr5/libm.a(addsf3.o)
__fp_split3                                       /usr/lib/gcc/avr/4.9.2/../../../avr/lib/avr5/libm.a(fp_split3.o)
                                                  /usr/lib/gcc/avr/4.9.2/../../../avr/lib/avr5/libm.a(mulsf3x.o)
                                                  /usr/lib/gcc/avr/4.9.2/../../../avr/lib/avr5/libm.a(divsf3x.o)
                                                  /usr/lib/gcc/avr/4.9.2/../../../avr/lib/avr5/libm.a(addsf3x.o)
__fp_splitA                                       /usr/lib/gcc/avr/4.9.2/../../../avr/lib/avr5/libm.a(fp_split3.o)
                                                  /usr/lib/gcc/avr/4.9.2/../../../avr/lib/avr5/libm.a(fixunssfsi.o)
__fp_szero                                        /usr/lib/gcc/avr/4.9.2/../../../avr/lib/avr5/libm.a(fp_zero.o)
                                                  /usr/lib/gcc/avr/4.9.2/../../../avr/lib/avr5/libm.a(mulsf3x.o)
                                                  /usr/lib/gcc/avr/4.9.2/../../../avr/lib/avr5/libm.a(fixsfsi.o)
                                                  /usr/lib/gcc/avr/4.9.2/../../../avr/lib/avr5/libm.a(divsf3x.o)
__fp_zero                                         /usr/lib/gcc/avr/4.9.2/../../../avr/lib/avr5/libm.a(fp_zero.o)
                                                  /usr/lib/gcc/avr/4.9.2/../../../avr/lib/avr5/libm.a(fixunssfsi.o)
                                                  /usr/lib/gcc/avr/4.9.2/../../../avr/lib/avr5/libm.a(addsf3x.o)
__gesf2                                           /usr/lib/gcc/avr/4.9.2/../../../avr/lib/avr5/libm.a(gesf2.o)
__gtsf2                                           /usr/lib/gcc/avr/4.9.2/../../../avr/lib/avr5/libm.a(gesf2.o)
                                                  /work/opensource/personal/microcontroller/arduino/ArduinoLibraries/ArduinoCore/Release/libArduinoCore.a(Print.o)
__heap_end                                        /usr/lib/gcc/avr/4.9.2/../../../avr/lib/avr5/crtatmega328p.o
                                                  /usr/lib/gcc/avr/4.9.2/../../../avr/lib/avr5/libc.a(malloc.o)
__heap_start                                      /usr/lib/gcc/avr/4.9.2/../../../avr/lib/avr5/libc.a(malloc.o)
__init                                            /usr/lib/gcc/avr/4.9.2/../../../avr/lib/avr5/crtatmega328p.o
__lesf2                                           /usr/lib/gcc/avr/4.9.2/../../../avr/lib/avr5/libm.a(cmpsf2.o)
                                                  /work/opensource/personal/microcontroller/arduino/ArduinoLibraries/ArduinoCore/Release/libArduinoCore.a(Print.o)
__ltsf2                                           /usr/lib/gcc/avr/4.9.2/../../../avr/lib/avr5/libm.a(cmpsf2.o)
                                                  /work/opensource/personal/microcontroller/arduino/ArduinoLibraries/ArduinoCore/Release/libArduinoCore.a(Print.o)
__malloc_heap_end                                 /usr/lib/gcc/avr/4.9.2/../../../avr/lib/avr5/libc.a(malloc.o)
__malloc_heap_start                               /usr/lib/gcc/avr/4.9.2/../../../avr/lib/avr5/libc.a(malloc.o)
__malloc_margin                                   /usr/lib/gcc/avr/4.9.2/../../../avr/lib/avr5/libc.a(malloc.o)
__mulsf3                                          /usr/lib/gcc/avr/4.9.2/../../../avr/lib/avr5/libm.a(mulsf3.o)
                                                  /work/opensource/personal/microcontroller/arduino/ArduinoLibraries/ArduinoCore/Release/libArduinoCore.a(Print.o)
__mulsf3_pse                                      /usr/lib/gcc/avr/4.9.2/../../../avr/lib/avr5/libm.a(mulsf3x.o)
__mulsf3x                                         /usr/lib/gcc/avr/4.9.2/../../../avr/lib/avr5/libm.a(mulsf3x.o)
                                                  /usr/lib/gcc/avr/4.9.2/../../../avr/lib/avr5/libm.a(mulsf3.o)
__nesf2                                           /usr/lib/gcc/avr/4.9.2/../../../avr/lib/avr5/libm.a(cmpsf2.o)
__stack                                           /usr/lib/gcc/avr/4.9.2/../../../avr/lib/avr5/crtatmega328p.o
__subsf3                                          /usr/lib/gcc/avr/4.9.2/../../../avr/lib/avr5/libm.a(addsf3.o)
                                                  /work/opensource/personal/microcontroller/arduino/ArduinoLibraries/ArduinoCore/Release/libArduinoCore.a(Print.o)
__tablejump2__                                    /usr/lib/gcc/avr/4.9.2/avr5/libgcc.a(_tablejump2.o)
                                                  /usr/lib/gcc/avr/4.9.2/avr5/libgcc.a(_dtors.o)
                                                  /usr/lib/gcc/avr/4.9.2/avr5/libgcc.a(_ctors.o)
__udivmodsi4                                      /usr/lib/gcc/avr/4.9.2/avr5/libgcc.a(_udivmodsi4.o)
                                                  /work/opensource/personal/microcontroller/arduino/ArduinoLibraries/ArduinoCore/Release/libArduinoCore.a(twi.o)
                                                  /work/opensource/personal/microcontroller/arduino/ArduinoLibraries/ArduinoCore/Release/libArduinoCore.a(Print.o)
                                                  /work/opensource/personal/microcontroller/arduino/ArduinoLibraries/ArduinoCore/Release/libArduinoCore.a(HardwareSerial.o)
__unordsf2                                        /usr/lib/gcc/avr/4.9.2/../../../avr/lib/avr5/libm.a(unordsf2.o)
                                                  /work/opensource/personal/microcontroller/arduino/ArduinoLibraries/ArduinoCore/Release/libArduinoCore.a(Print.o)
__vector_1                                        /usr/lib/gcc/avr/4.9.2/../../../avr/lib/avr5/crtatmega328p.o
__vector_10                                       /usr/lib/gcc/avr/4.9.2/../../../avr/lib/avr5/crtatmega328p.o
__vector_11                                       /usr/lib/gcc/avr/4.9.2/../../../avr/lib/avr5/crtatmega328p.o
__vector_12                                       /usr/lib/gcc/avr/4.9.2/../../../avr/lib/avr5/crtatmega328p.o
__vector_13                                       /usr/lib/gcc/avr/4.9.2/../../../avr/lib/avr5/crtatmega328p.o
__vector_14                                       /usr/lib/gcc/avr/4.9.2/../../../avr/lib/avr5/crtatmega328p.o
__vector_15                                       /usr/lib/gcc/avr/4.9.2/../../../avr/lib/avr5/crtatmega328p.o
__vector_16                                       /work/opensource/personal/microcontroller/arduino/ArduinoLibraries/ArduinoCore/Release/libArduinoCore.a(wiring.o)
                                                  /usr/lib/gcc/avr/4.9.2/../../../avr/lib/avr5/crtatmega328p.o
__vector_17                                       /usr/lib/gcc/avr/4.9.2/../../../avr/lib/avr5/crtatmega328p.o
__vector_18                                       /work/opensource/personal/microcontroller/arduino/ArduinoLibraries/ArduinoCore/Release/libArduinoCore.a(HardwareSerial0.o)
                                                  /usr/lib/gcc/avr/4.9.2/../../../avr/lib/avr5/crtatmega328p.o
__vector_19                                       /work/opensource/personal/microcontroller/arduino/ArduinoLibraries/ArduinoCore/Release/libArduinoCore.a(HardwareSerial0.o)
                                                  /usr/lib/gcc/avr/4.9.2/../../../avr/lib/avr5/crtatmega328p.o
__vector_2                                        /usr/lib/gcc/avr/4.9.2/../../../avr/lib/avr5/crtatmega328p.o
__vector_20                                       /usr/lib/gcc/avr/4.9.2/../../../avr/lib/avr5/crtatmega328p.o
__vector_21                                       /usr/lib/gcc/avr/4.9.2/../../../avr/lib/avr5/crtatmega328p.o
__vector_22                                       /usr/lib/gcc/avr/4.9.2/../../../avr/lib/avr5/crtatmega328p.o
__vector_23                                       /usr/lib/gcc/avr/4.9.2/../../../avr/lib/avr5/crtatmega328p.o
__vector_24                                       /work/opensource/personal/microcontroller/arduino/ArduinoLibraries/ArduinoCore/Release/libArduinoCore.a(twi.o)
                                                  /usr/lib/gcc/avr/4.9.2/../../../avr/lib/avr5/crtatmega328p.o
__vector_25                                       /usr/lib/gcc/avr/4.9.2/../../../avr/lib/avr5/crtatmega328p.o
__vector_3                                        /usr/lib/gcc/avr/4.9.2/../../../avr/lib/avr5/crtatmega328p.o
__vector_4                                        /usr/lib/gcc/avr/4.9.2/../../../avr/lib/avr5/crtatmega328p.o
__vector_5                                        /usr/lib/gcc/avr/4.9.2/../../../avr/lib/avr5/crtatmega328p.o
__vector_6                                        /usr/lib/gcc/avr/4.9.2/../../../avr/lib/avr5/crtatmega328p.o
__vector_7                                        /usr/lib/gcc/avr/4.9.2/../../../avr/lib/avr5/crtatmega328p.o
__vector_8                                        /usr/lib/gcc/avr/4.9.2/../../../avr/lib/avr5/crtatmega328p.o
__vector_9                                        /usr/lib/gcc/avr/4.9.2/../../../avr/lib/avr5/crtatmega328p.o
__vector_default                                  /usr/lib/gcc/avr/4.9.2/../../../avr/lib/avr5/crtatmega328p.o
__vectors                                         /usr/lib/gcc/avr/4.9.2/../../../avr/lib/avr5/crtatmega328p.o
_exit                                             /usr/lib/gcc/avr/4.9.2/avr5/libgcc.a(_exit.o)
                                                  /usr/lib/gcc/avr/4.9.2/../../../avr/lib/avr5/libc.a(abort.o)
abort                                             /usr/lib/gcc/avr/4.9.2/../../../avr/lib/avr5/libc.a(abort.o)
                                                  /work/opensource/personal/microcontroller/arduino/ArduinoLibraries/ArduinoCore/Release/libArduinoCore.a(abi.o)
buf                                               ./main.o
delay                                             /work/opensource/personal/microcontroller/arduino/ArduinoLibraries/ArduinoCore/Release/libArduinoCore.a(wiring.o)
                                                  /work/opensource/personal/microcontroller/arduino/ArduinoLibraries/ArduinoDevice/Release/EepromBasedWiredDevice/EepromBasedWiredDevice.o
delayMicroseconds                                 /work/opensource/personal/microcontroller/arduino/ArduinoLibraries/ArduinoCore/Release/libArduinoCore.a(wiring.o)
                                                  /work/opensource/personal/microcontroller/arduino/ArduinoLibraries/ArduinoDevice/Release/libArduinoDevice.a(RegisterBasedWiredDevice.o)
                                                  /work/opensource/personal/microcontroller/arduino/ArduinoLibraries/ArduinoDevice/Release/EepromBasedWiredDevice/EepromBasedWiredDevice.o
digitalRead                                       /work/opensource/personal/microcontroller/arduino/ArduinoLibraries/ArduinoCore/Release/libArduinoCore.a(wiring_digital.o)
digitalWrite                                      /work/opensource/personal/microcontroller/arduino/ArduinoLibraries/ArduinoCore/Release/libArduinoCore.a(wiring_digital.o)
                                                  /work/opensource/personal/microcontroller/arduino/ArduinoLibraries/ArduinoCore/Release/libArduinoCore.a(twi.o)
digital_pin_to_bit_mask_PGM                       /work/opensource/personal/microcontroller/arduino/ArduinoLibraries/ArduinoCore/Release/libArduinoCore.a(wiring_digital.o)
digital_pin_to_port_PGM                           /work/opensource/personal/microcontroller/arduino/ArduinoLibraries/ArduinoCore/Release/libArduinoCore.a(wiring_digital.o)
digital_pin_to_timer_PGM                          /work/opensource/personal/microcontroller/arduino/ArduinoLibraries/ArduinoCore/Release/libArduinoCore.a(wiring_digital.o)
exit                                              /usr/lib/gcc/avr/4.9.2/avr5/libgcc.a(_exit.o)
                                                  /usr/lib/gcc/avr/4.9.2/../../../avr/lib/avr5/crtatmega328p.o
free                                              /usr/lib/gcc/avr/4.9.2/../../../avr/lib/avr5/libc.a(malloc.o)