Archive member included because of file (symbol)

/work/personal/opensource/microcontroller/arduino/ArduinoCore/Release/libArduinoCore.a(wiring.o)
                              ./main.o (delay)
/work/personal/opensource/microcontroller/arduino/ArduinoCore/Release/libArduinoCore.a(wiring_digital.o)
                              ./main.o (pinMode)
/work/personal/opensource/microcontroller/arduino/ArduinoCore/Release/libArduinoCore.a(hooks.o)
                              /work/personal/opensource/microcontroller/arduino/ArduinoCore/Release/libArduinoCore.a(wiring.o) (yield)
/usr/lib/gcc/avr/4.8.1/avr5/libgcc.a(_exit.o)
                              /usr/lib/gcc/avr/4.8.1/../../../avr/lib/avr5/crtm328p.o (exit)
/usr/lib/gcc/avr/4.8.1/avr5/libgcc.a(_clear_bss.o)
                              /work/personal/opensource/microcontroller/arduino/ArduinoCore/Release/libArduinoCore.a(wiring.o) (__do_clear_bss)

Discarded input sections

 .data          0x0000000000000000        0x0 /usr/lib/gcc/avr/4.8.1/../../../avr/lib/avr5/crtm328p.o
 .bss           0x0000000000000000        0x0 /usr/lib/gcc/avr/4.8.1/../../../avr/lib/avr5/crtm328p.o
 .text          0x0000000000000000        0x0 ./main.o
 .data          0x0000000000000000        0x0 ./main.o
 .bss           0x0000000000000000        0x0 ./main.o
 .text          0x0000000000000000        0x0 /work/personal/opensource/microcontroller/arduino/ArduinoCore/Release/libArduinoCore.a(wiring.o)
 .data          0x0000000000000000        0x0 /work/personal/opensource/microcontroller/arduino/ArduinoCore/Release/libArduinoCore.a(wiring.o)
 .bss           0x0000000000000000        0x0 /work/personal/opensource/microcontroller/arduino/ArduinoCore/Release/libArduinoCore.a(wiring.o)
 .text.millis   0x0000000000000000       0x18 /work/personal/opensource/microcontroller/arduino/ArduinoCore/Release/libArduinoCore.a(wiring.o)
 .text.delayMicroseconds
                0x0000000000000000       0x16 /work/personal/opensource/microcontroller/arduino/ArduinoCore/Release/libArduinoCore.a(wiring.o)
 .text          0x0000000000000000        0x0 /work/personal/opensource/microcontroller/arduino/ArduinoCore/Release/libArduinoCore.a(wiring_digital.o)
 .data          0x0000000000000000        0x0 /work/personal/opensource/microcontroller/arduino/ArduinoCore/Release/libArduinoCore.a(wiring_digital.o)
 .bss           0x0000000000000000        0x0 /work/personal/opensource/microcontroller/arduino/ArduinoCore/Release/libArduinoCore.a(wiring_digital.o)
 .text.digitalRead
                0x0000000000000000       0x52 /work/personal/opensource/microcontroller/arduino/ArduinoCore/Release/libArduinoCore.a(wiring_digital.o)
 .progmem.data.port_to_input_PGM
                0x0000000000000000        0xa /work/personal/opensource/microcontroller/arduino/ArduinoCore/Release/libArduinoCore.a(wiring_digital.o)
 .text          0x0000000000000000        0x0 /work/personal/opensource/microcontroller/arduino/ArduinoCore/Release/libArduinoCore.a(hooks.o)
 .data          0x0000000000000000        0x0 /work/personal/opensource/microcontroller/arduino/ArduinoCore/Release/libArduinoCore.a(hooks.o)
 .bss           0x0000000000000000        0x0 /work/personal/opensource/microcontroller/arduino/ArduinoCore/Release/libArduinoCore.a(hooks.o)
 .text          0x0000000000000000        0x0 /usr/lib/gcc/avr/4.8.1/avr5/libgcc.a(_exit.o)
 .data          0x0000000000000000        0x0 /usr/lib/gcc/avr/4.8.1/avr5/libgcc.a(_exit.o)
 .bss           0x0000000000000000        0x0 /usr/lib/gcc/avr/4.8.1/avr5/libgcc.a(_exit.o)
 .text.libgcc.mul
                0x0000000000000000        0x0 /usr/lib/gcc/avr/4.8.1/avr5/libgcc.a(_exit.o)
 .text.libgcc.div
                0x0000000000000000        0x0 /usr/lib/gcc/avr/4.8.1/avr5/libgcc.a(_exit.o)
 .text.libgcc   0x0000000000000000        0x0 /usr/lib/gcc/avr/4.8.1/avr5/libgcc.a(_exit.o)
 .text.libgcc.prologue
                0x0000000000000000        0x0 /usr/lib/gcc/avr/4.8.1/avr5/libgcc.a(_exit.o)
 .text.libgcc.builtins
                0x0000000000000000        0x0 /usr/lib/gcc/avr/4.8.1/avr5/libgcc.a(_exit.o)
 .text.libgcc.fmul
                0x0000000000000000        0x0 /usr/lib/gcc/avr/4.8.1/avr5/libgcc.a(_exit.o)
 .text.libgcc.fixed
                0x0000000000000000        0x0 /usr/lib/gcc/avr/4.8.1/avr5/libgcc.a(_exit.o)
 .text          0x0000000000000000        0x0 /usr/lib/gcc/avr/4.8.1/avr5/libgcc.a(_clear_bss.o)
 .data          0x0000000000000000        0x0 /usr/lib/gcc/avr/4.8.1/avr5/libgcc.a(_clear_bss.o)
 .bss           0x0000000000000000        0x0 /usr/lib/gcc/avr/4.8.1/avr5/libgcc.a(_clear_bss.o)
 .text.libgcc.mul
                0x0000000000000000        0x0 /usr/lib/gcc/avr/4.8.1/avr5/libgcc.a(_clear_bss.o)
 .text.libgcc.div
                0x0000000000000000        0x0 /usr/lib/gcc/avr/4.8.1/avr5/libgcc.a(_clear_bss.o)
 .text.libgcc   0x0000000000000000        0x0 /usr/lib/gcc/avr/4.8.1/avr5/libgcc.a(_clear_bss.o)
 .text.libgcc.prologue
                0x0000000000000000        0x0 /usr/lib/gcc/avr/4.8.1/avr5/libgcc.a(_clear_bss.o)
 .text.libgcc.builtins
                0x0000000000000000        0x0 /usr/lib/gcc/avr/4.8.1/avr5/libgcc.a(_clear_bss.o)
 .text.libgcc.fmul
                0x0000000000000000        0x0 /usr/lib/gcc/avr/4.8.1/avr5/libgcc.a(_clear_bss.o)
 .text.libgcc.fixed
                0x0000000000000000        0x0 /usr/lib/gcc/avr/4.8.1/avr5/libgcc.a(_clear_bss.o)

Memory Configuration

Name             Origin             Length             Attributes
text             0x0000000000000000 0x0000000000020000 xr
data             0x0000000000800060 0x000000000000ffa0 rw !x
eeprom           0x0000000000810000 0x0000000000010000 rw !x
fuse             0x0000000000820000 0x0000000000000400 rw !x
lock             0x0000000000830000 0x0000000000000400 rw !x
signature        0x0000000000840000 0x0000000000000400 rw !x
user_signatures  0x0000000000850000 0x0000000000000400 rw !x
*default*        0x0000000000000000 0xffffffffffffffff

Linker script and memory map

Address of section .data set to 0x800100
LOAD /usr/lib/gcc/avr/4.8.1/../../../avr/lib/avr5/crtm328p.o
LOAD ./main.o
LOAD /work/personal/opensource/microcontroller/arduino/ArduinoCore/Release/libArduinoCore.a
LOAD /usr/lib/gcc/avr/4.8.1/avr5/libgcc.a
LOAD /usr/lib/gcc/avr/4.8.1/../../../avr/lib/avr5/libm.a
START GROUP
LOAD /usr/lib/gcc/avr/4.8.1/avr5/libgcc.a
LOAD /usr/lib/gcc/avr/4.8.1/../../../avr/lib/avr5/libm.a
LOAD /usr/lib/gcc/avr/4.8.1/../../../avr/lib/avr5/libc.a
END GROUP

.hash
 *(.hash)

.dynsym
 *(.dynsym)

.dynstr
 *(.dynstr)

.gnu.version
 *(.gnu.version)

.gnu.version_d
 *(.gnu.version_d)

.gnu.version_r
 *(.gnu.version_r)

.rel.init
 *(.rel.init)

.rela.init
 *(.rela.init)

.rel.text
 *(.rel.text)
 *(.rel.text.*)
 *(.rel.gnu.linkonce.t*)

.rela.text
 *(.rela.text)
 *(.rela.text.*)
 *(.rela.gnu.linkonce.t*)

.rel.fini
 *(.rel.fini)

.rela.fini
 *(.rela.fini)

.rel.rodata
 *(.rel.rodata)
 *(.rel.rodata.*)
 *(.rel.gnu.linkonce.r*)

.rela.rodata
 *(.rela.rodata)
 *(.rela.rodata.*)
 *(.rela.gnu.linkonce.r*)

.rel.data
 *(.rel.data)
 *(.rel.data.*)
 *(.rel.gnu.linkonce.d*)

.rela.data
 *(.rela.data)
 *(.rela.data.*)
 *(.rela.gnu.linkonce.d*)

.rel.ctors
 *(.rel.ctors)

.rela.ctors
 *(.rela.ctors)

.rel.dtors
 *(.rel.dtors)

.rela.dtors
 *(.rela.dtors)

.rel.got
 *(.rel.got)

.rela.got
 *(.rela.got)

.rel.bss
 *(.rel.bss)

.rela.bss
 *(.rela.bss)

.rel.plt
 *(.rel.plt)

.rela.plt
 *(.rela.plt)

.text           0x0000000000000000      0x406
 *(.vectors)
 .vectors       0x0000000000000000       0x68 /usr/lib/gcc/avr/4.8.1/../../../avr/lib/avr5/crtm328p.o
                0x0000000000000000                __vectors
                0x0000000000000000                __vector_default
 *(.vectors)
 *(.progmem.gcc*)
                0x0000000000000068                . = ALIGN (0x2)
                0x0000000000000068                __trampolines_start = .
 *(.trampolines)
 .trampolines   0x0000000000000068        0x0 linker stubs
 *(.trampolines*)
                0x0000000000000068                __trampolines_end = .
 *(.progmem*)
 .progmem.data.digital_pin_to_timer_PGM
                0x0000000000000068       0x14 /work/personal/opensource/microcontroller/arduino/ArduinoCore/Release/libArduinoCore.a(wiring_digital.o)
                0x0000000000000068                digital_pin_to_timer_PGM
 .progmem.data.digital_pin_to_bit_mask_PGM
                0x000000000000007c       0x14 /work/personal/opensource/microcontroller/arduino/ArduinoCore/Release/libArduinoCore.a(wiring_digital.o)
                0x000000000000007c                digital_pin_to_bit_mask_PGM
 .progmem.data.digital_pin_to_port_PGM
                0x0000000000000090       0x14 /work/personal/opensource/microcontroller/arduino/ArduinoCore/Release/libArduinoCore.a(wiring_digital.o)
                0x0000000000000090                digital_pin_to_port_PGM
 .progmem.data.port_to_output_PGM
                0x00000000000000a4        0xa /work/personal/opensource/microcontroller/arduino/ArduinoCore/Release/libArduinoCore.a(wiring_digital.o)
                0x00000000000000a4                port_to_output_PGM
 .progmem.data.port_to_mode_PGM
                0x00000000000000ae        0xa /work/personal/opensource/microcontroller/arduino/ArduinoCore/Release/libArduinoCore.a(wiring_digital.o)
                0x00000000000000ae                port_to_mode_PGM
                0x00000000000000b8                . = ALIGN (0x2)
 *(.jumptables)
 *(.jumptables*)
 *(.lowtext)
 *(.lowtext*)
                0x00000000000000b8                __ctors_start = .
 *(.ctors)
                0x00000000000000b8                __ctors_end = .
                0x00000000000000b8                __dtors_start = .
 *(.dtors)
                0x00000000000000b8                __dtors_end = .
 SORT(*)(.ctors)
 SORT(*)(.dtors)
 *(.init0)
 .init0         0x00000000000000b8        0x0 /usr/lib/gcc/avr/4.8.1/../../../avr/lib/avr5/crtm328p.o
                0x00000000000000b8                __init
 *(.init0)
 *(.init1)
 *(.init1)
 *(.init2)
 .init2         0x00000000000000b8        0xc /usr/lib/gcc/avr/4.8.1/../../../avr/lib/avr5/crtm328p.o
 *(.init2)
 *(.init3)
 *(.init3)
 *(.init4)
 .init4         0x00000000000000c4       0x10 /usr/lib/gcc/avr/4.8.1/avr5/libgcc.a(_clear_bss.o)
                0x00000000000000c4                __do_clear_bss
 *(.init4)
 *(.init5)
 *(.init5)
 *(.init6)
 *(.init6)
 *(.init7)
 *(.init7)
 *(.init8)
 *(.init8)
 *(.init9)
 .init9         0x00000000000000d4        0x4 /usr/lib/gcc/avr/4.8.1/../../../avr/lib/avr5/crtm328p.o
 *(.init9)
 *(.text)
 .text          0x00000000000000d8        0x2 /usr/lib/gcc/avr/4.8.1/../../../avr/lib/avr5/crtm328p.o
                0x00000000000000d8                __vector_22
                0x00000000000000d8                __vector_1
                0x00000000000000d8                __vector_24
                0x00000000000000d8                __vector_12
                0x00000000000000d8                __bad_interrupt
                0x00000000000000d8                __vector_6
                0x00000000000000d8                __vector_3
                0x00000000000000d8                __vector_23
                0x00000000000000d8                __vector_25
                0x00000000000000d8                __vector_11
                0x00000000000000d8                __vector_13
                0x00000000000000d8                __vector_17
                0x00000000000000d8                __vector_19
                0x00000000000000d8                __vector_7
                0x00000000000000d8                __vector_5
                0x00000000000000d8                __vector_4
                0x00000000000000d8                __vector_9
                0x00000000000000d8                __vector_2
                0x00000000000000d8                __vector_21
                0x00000000000000d8                __vector_15
                0x00000000000000d8                __vector_8
                0x00000000000000d8                __vector_14
                0x00000000000000d8                __vector_10
                0x00000000000000d8                __vector_18
                0x00000000000000d8                __vector_20
                0x00000000000000da                . = ALIGN (0x2)
 *(.text.*)
 .text.setup    0x00000000000000da        0x6 ./main.o
                0x00000000000000da                setup
 .text.loop     0x00000000000000e0       0x20 ./main.o
                0x00000000000000e0                loop
 .text.startup.main
                0x0000000000000100       0x14 ./main.o
                0x0000000000000100                main
 .text.__vector_16
                0x0000000000000114       0x94 /work/personal/opensource/microcontroller/arduino/ArduinoCore/Release/libArduinoCore.a(wiring.o)
                0x0000000000000114                __vector_16
 .text.micros   0x00000000000001a8       0x46 /work/personal/opensource/microcontroller/arduino/ArduinoCore/Release/libArduinoCore.a(wiring.o)
                0x00000000000001a8                micros
 .text.delay    0x00000000000001ee       0x6e /work/personal/opensource/microcontroller/arduino/ArduinoCore/Release/libArduinoCore.a(wiring.o)
                0x00000000000001ee                delay
 .text.init     0x000000000000025c       0x76 /work/personal/opensource/microcontroller/arduino/ArduinoCore/Release/libArduinoCore.a(wiring.o)
                0x000000000000025c                init
 .text.turnOffPWM
                0x00000000000002d2       0x52 /work/personal/opensource/microcontroller/arduino/ArduinoCore/Release/libArduinoCore.a(wiring_digital.o)
 .text.pinMode  0x0000000000000324       0x72 /work/personal/opensource/microcontroller/arduino/ArduinoCore/Release/libArduinoCore.a(wiring_digital.o)
                0x0000000000000324                pinMode
 .text.digitalWrite
                0x0000000000000396       0x6a /work/personal/opensource/microcontroller/arduino/ArduinoCore/Release/libArduinoCore.a(wiring_digital.o)
                0x0000000000000396                digitalWrite
 .text.__empty  0x0000000000000400        0x2 /work/personal/opensource/microcontroller/arduino/ArduinoCore/Release/libArduinoCore.a(hooks.o)
                0x0000000000000400                yield
                0x0000000000000402                . = ALIGN (0x2)
 *(.fini9)
 .fini9         0x0000000000000402        0x0 /usr/lib/gcc/avr/4.8.1/avr5/libgcc.a(_exit.o)
                0x0000000000000402                exit
                0x0000000000000402                _exit
 *(.fini9)
 *(.fini8)
 *(.fini8)
 *(.fini7)
 *(.fini7)
 *(.fini6)
 *(.fini6)
 *(.fini5)
 *(.fini5)
 *(.fini4)
 *(.fini4)
 *(.fini3)
 *(.fini3)
 *(.fini2)
 *(.fini2)
 *(.fini1)
 *(.fini1)
 *(.fini0)
 .fini0         0x0000000000000402        0x4 /usr/lib/gcc/avr/4.8.1/avr5/libgcc.a(_exit.o)
 *(.fini0)
                0x0000000000000406                _etext = .

.data           0x0000000000800100        0x0 load address 0x0000000000000406
                0x0000000000800100                PROVIDE (__data_start, .)
 *(.data)
 *(.data*)
 *(.rodata)
 *(.rodata*)
 *(.gnu.linkonce.d*)
                0x0000000000800100                . = ALIGN (0x2)
                0x0000000000800100                _edata = .
                0x0000000000800100                PROVIDE (__data_end, .)

.bss            0x0000000000800100        0x9
                0x0000000000800100                PROVIDE (__bss_start, .)
 *(.bss)
 *(.bss*)
 .bss.timer0_fract
                0x0000000000800100        0x1 /work/personal/opensource/microcontroller/arduino/ArduinoCore/Release/libArduinoCore.a(wiring.o)
 .bss.timer0_millis
                0x0000000000800101        0x4 /work/personal/opensource/microcontroller/arduino/ArduinoCore/Release/libArduinoCore.a(wiring.o)
                0x0000000000800101                timer0_millis
 .bss.timer0_overflow_count
                0x0000000000800105        0x4 /work/personal/opensource/microcontroller/arduino/ArduinoCore/Release/libArduinoCore.a(wiring.o)
                0x0000000000800105                timer0_overflow_count
 *(COMMON)
                0x0000000000800109                PROVIDE (__bss_end, .)
                0x0000000000000406                __data_load_start = LOADADDR (.data)
                0x0000000000000406                __data_load_end = (__data_load_start + SIZEOF (.data))

.noinit         0x0000000000800109        0x0
                0x0000000000800109                PROVIDE (__noinit_start, .)
 *(.noinit*)
                0x0000000000800109                PROVIDE (__noinit_end, .)
                0x0000000000800109                _end = .
                0x0000000000800109                PROVIDE (__heap_start, .)

.eeprom         0x0000000000810000        0x0
 *(.eeprom*)
                0x0000000000810000                __eeprom_end = .

.fuse
 *(.fuse)
 *(.lfuse)
 *(.hfuse)
 *(.efuse)

.lock
 *(.lock*)

.signature
 *(.signature*)

.user_signatures
 *(.user_signatures*)

.stab
 *(.stab)

.stabstr
 *(.stabstr)

.stab.excl
 *(.stab.excl)

.stab.exclstr
 *(.stab.exclstr)

.stab.index
 *(.stab.index)

.stab.indexstr
 *(.stab.indexstr)

.comment        0x0000000000000000       0x11
 *(.comment)
 .comment       0x0000000000000000       0x11 ./main.o
                                         0x12 (size before relaxing)
 .comment       0x0000000000000000       0x12 /work/personal/opensource/microcontroller/arduino/ArduinoCore/Release/libArduinoCore.a(wiring.o)
 .comment       0x0000000000000000       0x12 /work/personal/opensource/microcontroller/arduino/ArduinoCore/Release/libArduinoCore.a(wiring_digital.o)
 .comment       0x0000000000000000       0x12 /work/personal/opensource/microcontroller/arduino/ArduinoCore/Release/libArduinoCore.a(hooks.o)

.note.gnu.build-id
 *(.note.gnu.build-id)

.debug
 *(.debug)

.line
 *(.line)

.debug_srcinfo
 *(.debug_srcinfo)

.debug_sfnames
 *(.debug_sfnames)

.debug_aranges
 *(.debug_aranges)

.debug_pubnames
 *(.debug_pubnames)

.debug_info
 *(.debug_info .gnu.linkonce.wi.*)

.debug_abbrev
 *(.debug_abbrev)

.debug_line
 *(.debug_line .debug_line.* .debug_line_end)

.debug_frame
 *(.debug_frame)

.debug_str
 *(.debug_str)

.debug_loc
 *(.debug_loc)

.debug_macinfo
 *(.debug_macinfo)

.debug_weaknames
 *(.debug_weaknames)

.debug_funcnames
 *(.debug_funcnames)

.debug_typenames
 *(.debug_typenames)

.debug_varnames
 *(.debug_varnames)

.debug_pubtypes
 *(.debug_pubtypes)

.debug_ranges
 *(.debug_ranges)

.debug_macro
 *(.debug_macro)
OUTPUT(SimpleArdionoSketch.elf elf32-avr)
LOAD linker stubs

Cross Reference Table

Symbol                                            File
__bad_interrupt                                   /usr/lib/gcc/avr/4.8.1/../../../avr/lib/avr5/crtm328p.o
__bss_end                                         /usr/lib/gcc/avr/4.8.1/avr5/libgcc.a(_clear_bss.o)
__bss_start                                       /usr/lib/gcc/avr/4.8.1/avr5/libgcc.a(_clear_bss.o)
__do_clear_bss                                    /usr/lib/gcc/avr/4.8.1/avr5/libgcc.a(_clear_bss.o)
                                                  /work/personal/opensource/microcontroller/arduino/ArduinoCore/Release/libArduinoCore.a(wiring.o)
__heap_end                                        /usr/lib/gcc/avr/4.8.1/../../../avr/lib/avr5/crtm328p.o
__init                                            /usr/lib/gcc/avr/4.8.1/../../../avr/lib/avr5/crtm328p.o
__stack                                           /usr/lib/gcc/avr/4.8.1/../../../avr/lib/avr5/crtm328p.o
__vector_1                                        /usr/lib/gcc/avr/4.8.1/../../../avr/lib/avr5/crtm328p.o
__vector_10                                       /usr/lib/gcc/avr/4.8.1/../../../avr/lib/avr5/crtm328p.o
__vector_11                                       /usr/lib/gcc/avr/4.8.1/../../../avr/lib/avr5/crtm328p.o
__vector_12                                       /usr/lib/gcc/avr/4.8.1/../../../avr/lib/avr5/crtm328p.o
__vector_13                                       /usr/lib/gcc/avr/4.8.1/../../../avr/lib/avr5/crtm328p.o
__vector_14                                       /usr/lib/gcc/avr/4.8.1/../../../avr/lib/avr5/crtm328p.o
__vector_15                                       /usr/lib/gcc/avr/4.8.1/../../../avr/lib/avr5/crtm328p.o
__vector_16                                       /work/personal/opensource/microcontroller/arduino/ArduinoCore/Release/libArduinoCore.a(wiring.o)
                                                  /usr/lib/gcc/avr/4.8.1/../../../avr/lib/avr5/crtm328p.o
__vector_17                                       /usr/lib/gcc/avr/4.8.1/../../../avr/lib/avr5/crtm328p.o
__vector_18                                       /usr/lib/gcc/avr/4.8.1/../../../avr/lib/avr5/crtm328p.o
__vector_19                                       /usr/lib/gcc/avr/4.8.1/../../../avr/lib/avr5/crtm328p.o
__vector_2                                        /usr/lib/gcc/avr/4.8.1/../../../avr/lib/avr5/crtm328p.o
__vector_20                                       /usr/lib/gcc/avr/4.8.1/../../../avr/lib/avr5/crtm328p.o
__vector_21                                       /usr/lib/gcc/avr/4.8.1/../../../avr/lib/avr5/crtm328p.o
__vector_22                                       /usr/lib/gcc/avr/4.8.1/../../../avr/lib/avr5/crtm328p.o
__vector_23                                       /usr/lib/gcc/avr/4.8.1/../../../avr/lib/avr5/crtm328p.o
__vector_24                                       /usr/lib/gcc/avr/4.8.1/../../../avr/lib/avr5/crtm328p.o
__vector_25                                       /usr/lib/gcc/avr/4.8.1/../../../avr/lib/avr5/crtm328p.o
__vector_3                                        /usr/lib/gcc/avr/4.8.1/../../../avr/lib/avr5/crtm328p.o
__vector_4                                        /usr/lib/gcc/avr/4.8.1/../../../avr/lib/avr5/crtm328p.o
__vector_5                                        /usr/lib/gcc/avr/4.8.1/../../../avr/lib/avr5/crtm328p.o
__vector_6                                        /usr/lib/gcc/avr/4.8.1/../../../avr/lib/avr5/crtm328p.o
__vector_7                                        /usr/lib/gcc/avr/4.8.1/../../../avr/lib/avr5/crtm328p.o
__vector_8                                        /usr/lib/gcc/avr/4.8.1/../../../avr/lib/avr5/crtm328p.o
__vector_9                                        /usr/lib/gcc/avr/4.8.1/../../../avr/lib/avr5/crtm328p.o
__vector_default                                  /usr/lib/gcc/avr/4.8.1/../../../avr/lib/avr5/crtm328p.o
__vectors                                         /usr/lib/gcc/avr/4.8.1/../../../avr/lib/avr5/crtm328p.o
_exit                                             /usr/lib/gcc/avr/4.8.1/avr5/libgcc.a(_exit.o)
delay                                             /work/personal/opensource/microcontroller/arduino/ArduinoCore/Release/libArduinoCore.a(wiring.o)
                                                  ./main.o
delayMicroseconds                                 /work/personal/opensource/microcontroller/arduino/ArduinoCore/Release/libArduinoCore.a(wiring.o)
digitalRead                                       /work/personal/opensource/microcontroller/arduino/ArduinoCore/Release/libArduinoCore.a(wiring_digital.o)
digitalWrite                                      /work/personal/opensource/microcontroller/arduino/ArduinoCore/Release/libArduinoCore.a(wiring_digital.o)
                                                  ./main.o
digital_pin_to_bit_mask_PGM                       /work/personal/opensource/microcontroller/arduino/ArduinoCore/Release/libArduinoCore.a(wiring_digital.o)
digital_pin_to_port_PGM                           /work/personal/opensource/microcontroller/arduino/ArduinoCore/Release/libArduinoCore.a(wiring_digital.o)
digital_pin_to_timer_PGM                          /work/personal/opensource/microcontroller/arduino/ArduinoCore/Release/libArduinoCore.a(wiring_digital.o)
exit                                              /usr/lib/gcc/avr/4.8.1/avr5/libgcc.a(_exit.o)
                                                  /usr/lib/gcc/avr/4.8.1/../../../avr/lib/avr5/crtm328p.o
init                                              /work/personal/opensource/microcontroller/arduino/ArduinoCore/Release/libArduinoCore.a(wiring.o)
                                                  ./main.o
loop                                              ./main.o
main                                              ./main.o
                                                  /usr/lib/gcc/avr/4.8.1/../../../avr/lib/avr5/crtm328p.o
micros                                            /work/personal/opensource/microcontroller/arduino/ArduinoCore/Release/libArduinoCore.a(wiring.o)
millis                                            /work/personal/opensource/microcontroller/arduino/ArduinoCore/Release/libArduinoCore.a(wiring.o)
pinMode                                           /work/personal/opensource/microcontroller/arduino/ArduinoCore/Release/libArduinoCore.a(wiring_digital.o)
                                                  ./main.o
port_to_input_PGM                                 /work/personal/opensource/microcontroller/arduino/ArduinoCore/Release/libArduinoCore.a(wiring_digital.o)
port_to_mode_PGM                                  /work/personal/opensource/microcontroller/arduino/ArduinoCore/Release/libArduinoCore.a(wiring_digital.o)
port_to_output_PGM                                /work/personal/opensource/microcontroller/arduino/ArduinoCore/Release/libArduinoCore.a(wiring_digital.o)
serialEventRun()                                  ./main.o
setup                                             ./main.o
timer0_millis                                     /work/personal/opensource/microcontroller/arduino/ArduinoCore/Release/libArduinoCore.a(wiring.o)
timer0_overflow_count                             /work/personal/opensource/microcontroller/arduino/ArduinoCore/Release/libArduinoCore.a(wiring.o)
yield                                             /work/personal/opensource/microcontroller/arduino/ArduinoCore/Release/libArduinoCore.a(hooks.o)
                                                  /work/personal/opensource/microcontroller/arduino/ArduinoCore/Release/libArduinoCore.a(wiring.o)
